TRAP RECEIVED | 2026-09-28T12:24:15.689242600 | PDU: TRAP[requestID=342642548, errorStatus=Success(0), errorIndex=0, VBS[1.3.6.1.2.1.1.3.0 = 257 days, 11:08:41.41; 1.3.6.1.6.3.1.1.4.1.0 = 1.3.6.1.4.1.3902.4101.1.4.1.2; 1.3.6.1.4.1.3902.4101.1.3.1.3.3230027 = 2026-9-28,12:24:14.0,+4:30; 1.3.6.1.4.1.3902.4101.1.1.2 = 5459580; 1.3.6.1.4.1.3902.4101.1.1.4 = 5459579; 1.3.6.1.4.1.3902.4101.1.1.3 = DC=www.zte.com.cn,Network=ZTE_SYSTEM,ManagementNode=EMS,IRPAgent=1; 1.3.6.1.4.1.3902.4101.1.3.1.11.3230027 = 199087337; 1.3.6.1.4.1.3902.4101.1.3.1.2.3230027 = 7e3a66cc-1e92-4991-8cc2-184236348611,05b375e9-5558-4915-9fc0-abb7f7c2c145,419aae31-8b3a-4c74-b685-3573edfffb16,GBssFunction=2,GBtsEquipment=88; 1.3.6.1.4.1.3902.4101.1.3.1.4.3230027 = 1; 1.3.6.1.4.1.3902.4101.1.3.1.5.3230027 = 313; 1.3.6.1.4.1.3902.4101.1.3.1.6.3230027 = 2; 1.3.6.1.4.1.3902.4101.1.3.1.7.3230027 = 1. The configured site does not exist.
2. In case of an IP site, the IP-related configuration is incorrect.
3. In case of an E1 site, the Abis timeslot configuration is incorrect.
4. The Abis transmission is abnormal.; 1.3.6.1.4.1.3902.4101.1.3.1.8.3230027 = Alarm Object:SITE; 
Site ID:88;
Logic Position:System No.:88,Module No.:8,Index:15;; 1.3.6.1.4.1.3902.4101.1.3.1.12.3230027 = MRNC; 1.3.6.1.4.1.3902.4101.1.3.1.9.3230027 = 3230027; 1.3.6.1.4.1.3902.4101.1.3.1.1.3230027 = 7e3a66cc-1e92-4991-8cc2-184236348611---24932@1702@100001@2@2; 1.3.6.1.4.1.3902.4101.1.3.1.14.3230027 = Site Abis control link broken; 1.3.6.1.4.1.3902.4101.1.3.1.15.3230027 = HRTZ01(2),gv4.bsc(2),HRTC088_Qaizan_Chashma_P1_(OPEX_ACG)(88),GBssFunction=2,GBtsEquipment=88; 1.3.6.1.4.1.3902.4101.1.3.1.16.3230027 = 20425; 1.3.6.1.4.1.3902.4101.1.3.1.17.3230027 = 129.0.1.1; 1.3.6.1.4.1.3902.4101.1.3.1.18.3230027 = 2; 1.3.6.1.4.1.3902.4101.1.3.1.19.3230027 = ; 1.3.6.1.4.1.3902.4101.1.3.1.20.3230027 = GMT+04:30; 1.3.6.1.4.1.3902.4101.1.3.1.21.3230027 = 16200000; 1.3.6.1.4.1.3902.4101.1.3.1.22.3230027 = 0; 1.3.6.1.4.1.3902.4101.1.3.1.23.3230027 = 24932; 1.3.6.1.4.1.3902.4101.1.3.1.24.3230027 = 1718089543569; 1.3.6.1.4.1.3902.4101.1.3.1.26.3230027 = HRTZ01(2); 1.3.6.1.4.1.3902.4101.1.3.1.10.3230027 = ; 1.3.6.1.4.1.3902.4101.1.3.1.25.3230027 = ]]
BODY CREATED | 2026-09-28T12:24:15.690272800 | Trap ID: 1718089543569 | Alarm Code: 199087337
KAFKA SEND INITIATED | 2026-09-28T12:24:15.693456 | Trap ID: 1718089543569 | Alarm Code: 199087337
KAFKA SEND CALL COMPLETED | 2026-09-28T12:24:15.694455300 | Trap ID: 1718089543569
TRAP RECEIVED | 2026-09-28T12:24:15.696989800 | PDU: TRAP[requestID=342642562, errorStatus=Success(0), errorIndex=0, VBS[1.3.6.1.2.1.1.3.0 = 257 days, 11:08:41.42; 1.3.6.1.6.3.1.1.4.1.0 = 1.3.6.1.4.1.3902.4101.1.4.1.2; 1.3.6.1.4.1.3902.4101.1.3.1.3.3230019 = 2026-9-28,12:24:15.0,+4:30; 1.3.6.1.4.1.3902.4101.1.1.2 = 5459587; 1.3.6.1.4.1.3902.4101.1.1.4 = 5459586; 1.3.6.1.4.1.3902.4101.1.1.3 = DC=www.zte.com.cn,Network=ZTE_SYSTEM,ManagementNode=EMS,IRPAgent=1; 1.3.6.1.4.1.3902.4101.1.3.1.11.3230019 = 199087337; 1.3.6.1.4.1.3902.4101.1.3.1.2.3230019 = 7e3a66cc-1e92-4991-8cc2-184236348611,05b375e9-5558-4915-9fc0-abb7f7c2c145,4014a232-55b2-4828-9458-ac10c1e00db0,GBssFunction=2,GBtsEquipment=3; 1.3.6.1.4.1.3902.4101.1.3.1.4.3230019 = 1; 1.3.6.1.4.1.3902.4101.1.3.1.5.3230019 = 313; 1.3.6.1.4.1.3902.4101.1.3.1.6.3230019 = 2; 1.3.6.1.4.1.3902.4101.1.3.1.7.3230019 = 1. The configured site does not exist.
2. In case of an IP site, the IP-related configuration is incorrect.
3. In case of an E1 site, the Abis timeslot configuration is incorrect.
4. The Abis transmission is abnormal.; 1.3.6.1.4.1.3902.4101.1.3.1.8.3230019 = Alarm Object:SITE; 
Site ID:3;
Logic Position:System No.:3,Module No.:5,Index:15;; 1.3.6.1.4.1.3902.4101.1.3.1.12.3230019 = MRNC; 1.3.6.1.4.1.3902.4101.1.3.1.9.3230019 = 3230019; 1.3.6.1.4.1.3902.4101.1.3.1.1.3230019 = 7e3a66cc-1e92-4991-8cc2-184236348611---24924@1702@100001@2@2; 1.3.6.1.4.1.3902.4101.1.3.1.14.3230019 = Site Abis control link broken; 1.3.6.1.4.1.3902.4101.1.3.1.15.3230019 = HRTZ01(2),gv4.bsc(2),HRTC003_BTS_Transmission_Koch _e_Kababian_P1(3),GBssFunction=2,GBtsEquipment=3; 1.3.6.1.4.1.3902.4101.1.3.1.16.3230019 = 20425; 1.3.6.1.4.1.3902.4101.1.3.1.17.3230019 = 129.0.1.1; 1.3.6.1.4.1.3902.4101.1.3.1.18.3230019 = 2; 1.3.6.1.4.1.3902.4101.1.3.1.19.3230019 = ; 1.3.6.1.4.1.3902.4101.1.3.1.20.3230019 = GMT+04:30; 1.3.6.1.4.1.3902.4101.1.3.1.21.3230019 = 16200000; 1.3.6.1.4.1.3902.4101.1.3.1.22.3230019 = 0; 1.3.6.1.4.1.3902.4101.1.3.1.23.3230019 = 24924; 1.3.6.1.4.1.3902.4101.1.3.1.24.3230019 = 1718089543561; 1.3.6.1.4.1.3902.4101.1.3.1.26.3230019 = HRTZ01(2); 1.3.6.1.4.1.3902.4101.1.3.1.10.3230019 = ; 1.3.6.1.4.1.3902.4101.1.3.1.25.3230019 = ]]
BODY CREATED | 2026-09-28T12:24:15.698007600 | Trap ID: 1718089543561 | Alarm Code: 199087337
TRAP RECEIVED | 2026-09-28T12:24:15.702007300 | PDU: TRAP[requestID=342642566, errorStatus=Success(0), errorIndex=0, VBS[1.3.6.1.2.1.1.3.0 = 257 days, 11:08:41.42; 1.3.6.1.6.3.1.1.4.1.0 = 1.3.6.1.4.1.3902.4101.1.4.1.2; 1.3.6.1.4.1.3902.4101.1.3.1.3.3230023 = 2026-9-28,12:24:15.0,+4:30; 1.3.6.1.4.1.3902.4101.1.1.2 = 5459589; 1.3.6.1.4.1.3902.4101.1.1.4 = 5459588; 1.3.6.1.4.1.3902.4101.1.1.3 = DC=www.zte.com.cn,Network=ZTE_SYSTEM,ManagementNode=EMS,IRPAgent=1; 1.3.6.1.4.1.3902.4101.1.3.1.11.3230023 = 199087337; 1.3.6.1.4.1.3902.4101.1.3.1.2.3230023 = 7e3a66cc-1e92-4991-8cc2-184236348611,05b375e9-5558-4915-9fc0-abb7f7c2c145,d65592db-3300-41f7-98ad-3526bad23392,GBssFunction=2,GBtsEquipment=2127; 1.3.6.1.4.1.3902.4101.1.3.1.4.3230023 = 1; 1.3.6.1.4.1.3902.4101.1.3.1.5.3230023 = 313; 1.3.6.1.4.1.3902.4101.1.3.1.6.3230023 = 2; 1.3.6.1.4.1.3902.4101.1.3.1.7.3230023 = 1. The configured site does not exist.
2. In case of an IP site, the IP-related configuration is incorrect.
3. In case of an E1 site, the Abis timeslot configuration is incorrect.
4. The Abis transmission is abnormal.; 1.3.6.1.4.1.3902.4101.1.3.1.8.3230023 = Alarm Object:SITE; 
Site ID:2127;
Logic Position:System No.:2127,Module No.:4,Index:15;; 1.3.6.1.4.1.3902.4101.1.3.1.12.3230023 = MRNC; 1.3.6.1.4.1.3902.4101.1.3.1.9.3230023 = 3230023; 1.3.6.1.4.1.3902.4101.1.3.1.1.3230023 = 7e3a66cc-1e92-4991-8cc2-184236348611---24928@1702@100001@2@2; 1.3.6.1.4.1.3902.4101.1.3.1.14.3230023 = Site Abis control link broken; 1.3.6.1.4.1.3902.4101.1.3.1.15.3230023 = HRTZ01(2),gv4.bsc(2),HRTC127_GOZAR_KHAIR_ABAD_CPX(2127),GBssFunction=2,GBtsEquipment=2127; 1.3.6.1.4.1.3902.4101.1.3.1.16.3230023 = 20425; 1.3.6.1.4.1.3902.4101.1.3.1.17.3230023 = 129.0.1.1; 1.3.6.1.4.1.3902.4101.1.3.1.18.3230023 = 2; 1.3.6.1.4.1.3902.4101.1.3.1.19.3230023 = ; 1.3.6.1.4.1.3902.4101.1.3.1.20.3230023 = GMT+04:30; 1.3.6.1.4.1.3902.4101.1.3.1.21.3230023 = 16200000; 1.3.6.1.4.1.3902.4101.1.3.1.22.3230023 = 0; 1.3.6.1.4.1.3902.4101.1.3.1.23.3230023 = 24928; 1.3.6.1.4.1.3902.4101.1.3.1.24.3230023 = 1718089543565; 1.3.6.1.4.1.3902.4101.1.3.1.26.3230023 = HRTZ01(2); 1.3.6.1.4.1.3902.4101.1.3.1.10.3230023 = ; 1.3.6.1.4.1.3902.4101.1.3.1.25.3230023 = ]]
BODY CREATED | 2026-09-28T12:24:15.703010 | Trap ID: 1718089543565 | Alarm Code: 199087337
KAFKA SEND INITIATED | 2026-09-28T12:24:15.703010 | Trap ID: 1718089543561 | Alarm Code: 199087337
KAFKA SEND INITIATED | 2026-09-28T12:24:15.704007300 | Trap ID: 1718089543565 | Alarm Code: 199087337
TRAP RECEIVED | 2026-09-28T12:24:15.704007300 | PDU: TRAP[requestID=342642580, errorStatus=Success(0), errorIndex=0, VBS[1.3.6.1.2.1.1.3.0 = 257 days, 11:08:41.43; 1.3.6.1.6.3.1.1.4.1.0 = 1.3.6.1.4.1.3902.4101.1.4.1.2; 1.3.6.1.4.1.3902.4101.1.3.1.3.3230022 = 2026-9-28,12:24:14.0,+4:30; 1.3.6.1.4.1.3902.4101.1.1.2 = 5459596; 1.3.6.1.4.1.3902.4101.1.1.4 = 5459595; 1.3.6.1.4.1.3902.4101.1.1.3 = DC=www.zte.com.cn,Network=ZTE_SYSTEM,ManagementNode=EMS,IRPAgent=1; 1.3.6.1.4.1.3902.4101.1.3.1.11.3230022 = 199087337; 1.3.6.1.4.1.3902.4101.1.3.1.2.3230022 = 7e3a66cc-1e92-4991-8cc2-184236348611,05b375e9-5558-4915-9fc0-abb7f7c2c145,67ae12e3-8096-4891-a929-9904e6b84370,GBssFunction=2,GBtsEquipment=11; 1.3.6.1.4.1.3902.4101.1.3.1.4.3230022 = 1; 1.3.6.1.4.1.3902.4101.1.3.1.5.3230022 = 313; 1.3.6.1.4.1.3902.4101.1.3.1.6.3230022 = 2; 1.3.6.1.4.1.3902.4101.1.3.1.7.3230022 = 1. The configured site does not exist.
2. In case of an IP site, the IP-related configuration is incorrect.
3. In case of an E1 site, the Abis timeslot configuration is incorrect.
4. The Abis transmission is abnormal.; 1.3.6.1.4.1.3902.4101.1.3.1.8.3230022 = Alarm Object:SITE; 
Site ID:11;
Logic Position:System No.:11,Module No.:4,Index:15;; 1.3.6.1.4.1.3902.4101.1.3.1.12.3230022 = MRNC; 1.3.6.1.4.1.3902.4101.1.3.1.9.3230022 = 3230022; 1.3.6.1.4.1.3902.4101.1.3.1.1.3230022 = 7e3a66cc-1e92-4991-8cc2-184236348611---24927@1702@100001@2@2; 1.3.6.1.4.1.3902.4101.1.3.1.14.3230022 = Site Abis control link broken; 1.3.6.1.4.1.3902.4101.1.3.1.15.3230022 = HRTZ01(2),gv4.bsc(2),HRTC011_Falaka_e_Bakirabad_P1(11),GBssFunction=2,GBtsEquipment=11; 1.3.6.1.4.1.3902.4101.1.3.1.16.3230022 = 20425; 1.3.6.1.4.1.3902.4101.1.3.1.17.3230022 = 129.0.1.1; 1.3.6.1.4.1.3902.4101.1.3.1.18.3230022 = 2; 1.3.6.1.4.1.3902.4101.1.3.1.19.3230022 = ; 1.3.6.1.4.1.3902.4101.1.3.1.20.3230022 = GMT+04:30; 1.3.6.1.4.1.3902.4101.1.3.1.21.3230022 = 16200000; 1.3.6.1.4.1.3902.4101.1.3.1.22.3230022 = 0; 1.3.6.1.4.1.3902.4101.1.3.1.23.3230022 = 24927; 1.3.6.1.4.1.3902.4101.1.3.1.24.3230022 = 1718089543564; 1.3.6.1.4.1.3902.4101.1.3.1.26.3230022 = HRTZ01(2); 1.3.6.1.4.1.3902.4101.1.3.1.10.3230022 = ; 1.3.6.1.4.1.3902.4101.1.3.1.25.3230022 = ]]
KAFKA SEND CALL COMPLETED | 2026-09-28T12:24:15.705517700 | Trap ID: 1718089543561
BODY CREATED | 2026-09-28T12:24:15.706521900 | Trap ID: 1718089543564 | Alarm Code: 199087337
KAFKA SEND CALL COMPLETED | 2026-09-28T12:24:15.706521900 | Trap ID: 1718089543565
KAFKA SEND INITIATED | 2026-09-28T12:24:15.707521800 | Trap ID: 1718089543564 | Alarm Code: 199087337
KAFKA SEND CALL COMPLETED | 2026-09-28T12:24:15.708521400 | Trap ID: 1718089543564
TRAP RECEIVED | 2026-09-28T12:24:15.709522900 | PDU: TRAP[requestID=342642584, errorStatus=Success(0), errorIndex=0, VBS[1.3.6.1.2.1.1.3.0 = 257 days, 11:08:41.43; 1.3.6.1.6.3.1.1.4.1.0 = 1.3.6.1.4.1.3902.4101.1.4.1.2; 1.3.6.1.4.1.3902.4101.1.3.1.3.3230018 = 2026-9-28,12:24:15.0,+4:30; 1.3.6.1.4.1.3902.4101.1.1.2 = 5459598; 1.3.6.1.4.1.3902.4101.1.1.4 = 5459597; 1.3.6.1.4.1.3902.4101.1.1.3 = DC=www.zte.com.cn,Network=ZTE_SYSTEM,ManagementNode=EMS,IRPAgent=1; 1.3.6.1.4.1.3902.4101.1.3.1.11.3230018 = 199087337; 1.3.6.1.4.1.3902.4101.1.3.1.2.3230018 = 7e3a66cc-1e92-4991-8cc2-184236348611,05b375e9-5558-4915-9fc0-abb7f7c2c145,91e9bf71-3da6-4402-9d3c-c44bc7684ddd,GBssFunction=2,GBtsEquipment=194; 1.3.6.1.4.1.3902.4101.1.3.1.4.3230018 = 1; 1.3.6.1.4.1.3902.4101.1.3.1.5.3230018 = 313; 1.3.6.1.4.1.3902.4101.1.3.1.6.3230018 = 2; 1.3.6.1.4.1.3902.4101.1.3.1.7.3230018 = 1. The configured site does not exist.
2. In case of an IP site, the IP-related configuration is incorrect.
3. In case of an E1 site, the Abis timeslot configuration is incorrect.
4. The Abis transmission is abnormal.; 1.3.6.1.4.1.3902.4101.1.3.1.8.3230018 = Alarm Object:SITE; 
Site ID:194;
Logic Position:System No.:194,Module No.:5,Index:15;; 1.3.6.1.4.1.3902.4101.1.3.1.12.3230018 = MRNC; 1.3.6.1.4.1.3902.4101.1.3.1.9.3230018 = 3230018; 1.3.6.1.4.1.3902.4101.1.3.1.1.3230018 = 7e3a66cc-1e92-4991-8cc2-184236348611---24923@1702@100001@2@2; 1.3.6.1.4.1.3902.4101.1.3.1.14.3230018 = Site Abis control link broken; 1.3.6.1.4.1.3902.4101.1.3.1.15.3230018 = 48:52:54:5a:30:31:28:32:29:2c:67:76:34:2e:62:73:63:28:32:29:2c:48:52:54:43:31:39:34:5f:50:6f:73:74:61:2d:65:2d:4e:6f:31:a3:bf:a3:bf:5f:4a:61:64:61:2d:65:2d:45:74:65:68:61:64:28:31:39:34:29:2c:47:42:73:73:46:75:6e:63:74:69:6f:6e:3d:32:2c:47:42:74:73:45:71:75:69:70:6d:65:6e:74:3d:31:39:34; 1.3.6.1.4.1.3902.4101.1.3.1.16.3230018 = 20425; 1.3.6.1.4.1.3902.4101.1.3.1.17.3230018 = 129.0.1.1; 1.3.6.1.4.1.3902.4101.1.3.1.18.3230018 = 2; 1.3.6.1.4.1.3902.4101.1.3.1.19.3230018 = ; 1.3.6.1.4.1.3902.4101.1.3.1.20.3230018 = GMT+04:30; 1.3.6.1.4.1.3902.4101.1.3.1.21.3230018 = 16200000; 1.3.6.1.4.1.3902.4101.1.3.1.22.3230018 = 0; 1.3.6.1.4.1.3902.4101.1.3.1.23.3230018 = 24923; 1.3.6.1.4.1.3902.4101.1.3.1.24.3230018 = 1718089543560; 1.3.6.1.4.1.3902.4101.1.3.1.26.3230018 = HRTZ01(2); 1.3.6.1.4.1.3902.4101.1.3.1.10.3230018 = ; 1.3.6.1.4.1.3902.4101.1.3.1.25.3230018 = ]]
BODY CREATED | 2026-09-28T12:24:15.710522800 | Trap ID: 1718089543560 | Alarm Code: 199087337
KAFKA SEND INITIATED | 2026-09-28T12:24:15.711834900 | Trap ID: 1718089543560 | Alarm Code: 199087337
KAFKA SEND CALL COMPLETED | 2026-09-28T12:24:15.711834900 | Trap ID: 1718089543560
TRAP RECEIVED | 2026-09-28T12:24:15.797640100 | PDU: TRAP[requestID=342642598, errorStatus=Success(0), errorIndex=0, VBS[1.3.6.1.2.1.1.3.0 = 257 days, 11:08:41.52; 1.3.6.1.6.3.1.1.4.1.0 = 1.3.6.1.4.1.3902.4101.1.4.1.2; 1.3.6.1.4.1.3902.4101.1.3.1.3.3230020 = 2026-9-28,12:24:15.0,+4:30; 1.3.6.1.4.1.3902.4101.1.1.2 = 5459605; 1.3.6.1.4.1.3902.4101.1.1.4 = 5459604; 1.3.6.1.4.1.3902.4101.1.1.3 = DC=www.zte.com.cn,Network=ZTE_SYSTEM,ManagementNode=EMS,IRPAgent=1; 1.3.6.1.4.1.3902.4101.1.3.1.11.3230020 = 199087337; 1.3.6.1.4.1.3902.4101.1.3.1.2.3230020 = 7e3a66cc-1e92-4991-8cc2-184236348611,05b375e9-5558-4915-9fc0-abb7f7c2c145,617f0d68-ccc3-449c-a12c-3cb5dd1eaf6c,GBssFunction=2,GBtsEquipment=2318; 1.3.6.1.4.1.3902.4101.1.3.1.4.3230020 = 1; 1.3.6.1.4.1.3902.4101.1.3.1.5.3230020 = 313; 1.3.6.1.4.1.3902.4101.1.3.1.6.3230020 = 2; 1.3.6.1.4.1.3902.4101.1.3.1.7.3230020 = 1. The configured site does not exist.
2. In case of an IP site, the IP-related configuration is incorrect.
3. In case of an E1 site, the Abis timeslot configuration is incorrect.
4. The Abis transmission is abnormal.; 1.3.6.1.4.1.3902.4101.1.3.1.8.3230020 = Alarm Object:SITE; 
Site ID:2318;
Logic Position:System No.:2318,Module No.:6,Index:15;; 1.3.6.1.4.1.3902.4101.1.3.1.12.3230020 = MRNC; 1.3.6.1.4.1.3902.4101.1.3.1.9.3230020 = 3230020; 1.3.6.1.4.1.3902.4101.1.3.1.1.3230020 = 7e3a66cc-1e92-4991-8cc2-184236348611---24925@1702@100001@2@2; 1.3.6.1.4.1.3902.4101.1.3.1.14.3230020 = Site Abis control link broken; 1.3.6.1.4.1.3902.4101.1.3.1.15.3230020 = HRTZ01(2),gv4.bsc(2),HRTC218_OPEX_PT(2318),GBssFunction=2,GBtsEquipment=2318; 1.3.6.1.4.1.3902.4101.1.3.1.16.3230020 = 20425; 1.3.6.1.4.1.3902.4101.1.3.1.17.3230020 = 129.0.1.1; 1.3.6.1.4.1.3902.4101.1.3.1.18.3230020 = 2; 1.3.6.1.4.1.3902.4101.1.3.1.19.3230020 = ; 1.3.6.1.4.1.3902.4101.1.3.1.20.3230020 = GMT+04:30; 1.3.6.1.4.1.3902.4101.1.3.1.21.3230020 = 16200000; 1.3.6.1.4.1.3902.4101.1.3.1.22.3230020 = 0; 1.3.6.1.4.1.3902.4101.1.3.1.23.3230020 = 24925; 1.3.6.1.4.1.3902.4101.1.3.1.24.3230020 = 1718089543562; 1.3.6.1.4.1.3902.4101.1.3.1.26.3230020 = HRTZ01(2); 1.3.6.1.4.1.3902.4101.1.3.1.10.3230020 = ; 1.3.6.1.4.1.3902.4101.1.3.1.25.3230020 = ]]
BODY CREATED | 2026-09-28T12:24:15.798657400 | Trap ID: 1718089543562 | Alarm Code: 199087337
KAFKA SEND INITIATED | 2026-09-28T12:24:15.799668800 | Trap ID: 1718089543562 | Alarm Code: 199087337
KAFKA SEND CALL COMPLETED | 2026-09-28T12:24:15.800673900 | Trap ID: 1718089543562
TRAP RECEIVED | 2026-09-28T12:27:03.698208600 | PDU: TRAP[requestID=342642656, errorStatus=Success(0), errorIndex=0, VBS[1.3.6.1.2.1.1.3.0 = 257 days, 11:11:29.42; 1.3.6.1.6.3.1.1.4.1.0 = 1.3.6.1.4.1.3902.4101.1.4.1.2; 1.3.6.1.4.1.3902.4101.1.3.1.3.3230026 = 2026-9-28,12:27:2.0,+4:30; 1.3.6.1.4.1.3902.4101.1.1.2 = 5459628; 1.3.6.1.4.1.3902.4101.1.1.4 = 5459627; 1.3.6.1.4.1.3902.4101.1.1.3 = DC=www.zte.com.cn,Network=ZTE_SYSTEM,ManagementNode=EMS,IRPAgent=1; 1.3.6.1.4.1.3902.4101.1.3.1.11.3230026 = 199087337; 1.3.6.1.4.1.3902.4101.1.3.1.2.3230026 = 7e3a66cc-1e92-4991-8cc2-184236348611,05b375e9-5558-4915-9fc0-abb7f7c2c145,b808bf16-77d4-4a60-83cb-179623075b52,GBssFunction=2,GBtsEquipment=7; 1.3.6.1.4.1.3902.4101.1.3.1.4.3230026 = 1; 1.3.6.1.4.1.3902.4101.1.3.1.5.3230026 = 313; 1.3.6.1.4.1.3902.4101.1.3.1.6.3230026 = 2; 1.3.6.1.4.1.3902.4101.1.3.1.7.3230026 = 1. The configured site does not exist.
2. In case of an IP site, the IP-related configuration is incorrect.
3. In case of an E1 site, the Abis timeslot configuration is incorrect.
4. The Abis transmission is abnormal.; 1.3.6.1.4.1.3902.4101.1.3.1.8.3230026 = Alarm Object:SITE; 
Site ID:7;
Logic Position:System No.:7,Module No.:8,Index:15;; 1.3.6.1.4.1.3902.4101.1.3.1.12.3230026 = MRNC; 1.3.6.1.4.1.3902.4101.1.3.1.9.3230026 = 3230026; 1.3.6.1.4.1.3902.4101.1.3.1.1.3230026 = 7e3a66cc-1e92-4991-8cc2-184236348611---24931@1702@100001@2@2; 1.3.6.1.4.1.3902.4101.1.3.1.14.3230026 = Site Abis control link broken; 1.3.6.1.4.1.3902.4101.1.3.1.15.3230026 = HRTZ01(2),gv4.bsc(2),HRTC007_HUB_Roshan_Guest_House_P1(7),GBssFunction=2,GBtsEquipment=7; 1.3.6.1.4.1.3902.4101.1.3.1.16.3230026 = 20425; 1.3.6.1.4.1.3902.4101.1.3.1.17.3230026 = 129.0.1.1; 1.3.6.1.4.1.3902.4101.1.3.1.18.3230026 = 2; 1.3.6.1.4.1.3902.4101.1.3.1.19.3230026 = ; 1.3.6.1.4.1.3902.4101.1.3.1.20.3230026 = GMT+04:30; 1.3.6.1.4.1.3902.4101.1.3.1.21.3230026 = 16200000; 1.3.6.1.4.1.3902.4101.1.3.1.22.3230026 = 0; 1.3.6.1.4.1.3902.4101.1.3.1.23.3230026 = 24931; 1.3.6.1.4.1.3902.4101.1.3.1.24.3230026 = 1718089543568; 1.3.6.1.4.1.3902.4101.1.3.1.26.3230026 = HRTZ01(2); 1.3.6.1.4.1.3902.4101.1.3.1.10.3230026 = ; 1.3.6.1.4.1.3902.4101.1.3.1.25.3230026 = ]]
BODY CREATED | 2026-09-28T12:27:03.699702300 | Trap ID: 1718089543568 | Alarm Code: 199087337
KAFKA SEND INITIATED | 2026-09-28T12:27:03.701048300 | Trap ID: 1718089543568 | Alarm Code: 199087337
KAFKA SEND CALL COMPLETED | 2026-09-28T12:27:03.702286900 | Trap ID: 1718089543568
TRAP RECEIVED | 2026-09-28T12:27:03.793202100 | PDU: TRAP[requestID=342642666, errorStatus=Success(0), errorIndex=0, VBS[1.3.6.1.2.1.1.3.0 = 257 days, 11:11:29.52; 1.3.6.1.6.3.1.1.4.1.0 = 1.3.6.1.4.1.3902.4101.1.4.1.2; 1.3.6.1.4.1.3902.4101.1.3.1.3.3230025 = 2026-9-28,12:27:2.0,+4:30; 1.3.6.1.4.1.3902.4101.1.1.2 = 5459633; 1.3.6.1.4.1.3902.4101.1.1.4 = 5459632; 1.3.6.1.4.1.3902.4101.1.1.3 = DC=www.zte.com.cn,Network=ZTE_SYSTEM,ManagementNode=EMS,IRPAgent=1; 1.3.6.1.4.1.3902.4101.1.3.1.11.3230025 = 199087337; 1.3.6.1.4.1.3902.4101.1.3.1.2.3230025 = 7e3a66cc-1e92-4991-8cc2-184236348611,05b375e9-5558-4915-9fc0-abb7f7c2c145,7c3f3960-2b03-42a0-9fa4-04cf8979dda1,GBssFunction=2,GBtsEquipment=2149; 1.3.6.1.4.1.3902.4101.1.3.1.4.3230025 = 1; 1.3.6.1.4.1.3902.4101.1.3.1.5.3230025 = 313; 1.3.6.1.4.1.3902.4101.1.3.1.6.3230025 = 2; 1.3.6.1.4.1.3902.4101.1.3.1.7.3230025 = 1. The configured site does not exist.
2. In case of an IP site, the IP-related configuration is incorrect.
3. In case of an E1 site, the Abis timeslot configuration is incorrect.
4. The Abis transmission is abnormal.; 1.3.6.1.4.1.3902.4101.1.3.1.8.3230025 = Alarm Object:SITE; 
Site ID:2149;
Logic Position:System No.:2149,Module No.:10,Index:15;; 1.3.6.1.4.1.3902.4101.1.3.1.12.3230025 = MRNC; 1.3.6.1.4.1.3902.4101.1.3.1.9.3230025 = 3230025; 1.3.6.1.4.1.3902.4101.1.3.1.1.3230025 = 7e3a66cc-1e92-4991-8cc2-184236348611---24930@1702@100001@2@2; 1.3.6.1.4.1.3902.4101.1.3.1.14.3230025 = Site Abis control link broken; 1.3.6.1.4.1.3902.4101.1.3.1.15.3230025 = HRTZ01(2),gv4.bsc(2),HRTC149_POLE_RANGINA_KOCHA_E_HAMAM_CPX(2149),GBssFunction=2,GBtsEquipment=2149; 1.3.6.1.4.1.3902.4101.1.3.1.16.3230025 = 20425; 1.3.6.1.4.1.3902.4101.1.3.1.17.3230025 = 129.0.1.1; 1.3.6.1.4.1.3902.4101.1.3.1.18.3230025 = 2; 1.3.6.1.4.1.3902.4101.1.3.1.19.3230025 = ; 1.3.6.1.4.1.3902.4101.1.3.1.20.3230025 = GMT+04:30; 1.3.6.1.4.1.3902.4101.1.3.1.21.3230025 = 16200000; 1.3.6.1.4.1.3902.4101.1.3.1.22.3230025 = 0; 1.3.6.1.4.1.3902.4101.1.3.1.23.3230025 = 24930; 1.3.6.1.4.1.3902.4101.1.3.1.24.3230025 = 1718089543567; 1.3.6.1.4.1.3902.4101.1.3.1.26.3230025 = HRTZ01(2); 1.3.6.1.4.1.3902.4101.1.3.1.10.3230025 = ; 1.3.6.1.4.1.3902.4101.1.3.1.25.3230025 = ]]
BODY CREATED | 2026-09-28T12:27:03.794338900 | Trap ID: 1718089543567 | Alarm Code: 199087337
KAFKA SEND INITIATED | 2026-09-28T12:27:03.795662600 | Trap ID: 1718089543567 | Alarm Code: 199087337
KAFKA SEND CALL COMPLETED | 2026-09-28T12:27:03.797743700 | Trap ID: 1718089543567
TRAP RECEIVED | 2026-09-28T12:27:05.703059700 | PDU: TRAP[requestID=342642686, errorStatus=Success(0), errorIndex=0, VBS[1.3.6.1.2.1.1.3.0 = 257 days, 11:11:31.43; 1.3.6.1.6.3.1.1.4.1.0 = 1.3.6.1.4.1.3902.4101.1.4.1.2; 1.3.6.1.4.1.3902.4101.1.3.1.3.3230024 = 2026-9-28,12:27:3.0,+4:30; 1.3.6.1.4.1.3902.4101.1.1.2 = 5459643; 1.3.6.1.4.1.3902.4101.1.1.4 = 5459642; 1.3.6.1.4.1.3902.4101.1.1.3 = DC=www.zte.com.cn,Network=ZTE_SYSTEM,ManagementNode=EMS,IRPAgent=1; 1.3.6.1.4.1.3902.4101.1.3.1.11.3230024 = 199087337; 1.3.6.1.4.1.3902.4101.1.3.1.2.3230024 = 7e3a66cc-1e92-4991-8cc2-184236348611,05b375e9-5558-4915-9fc0-abb7f7c2c145,991579d7-e350-4720-989c-81afa6ef984a,GBssFunction=2,GBtsEquipment=105; 1.3.6.1.4.1.3902.4101.1.3.1.4.3230024 = 1; 1.3.6.1.4.1.3902.4101.1.3.1.5.3230024 = 313; 1.3.6.1.4.1.3902.4101.1.3.1.6.3230024 = 2; 1.3.6.1.4.1.3902.4101.1.3.1.7.3230024 = 1. The configured site does not exist.
2. In case of an IP site, the IP-related configuration is incorrect.
3. In case of an E1 site, the Abis timeslot configuration is incorrect.
4. The Abis transmission is abnormal.; 1.3.6.1.4.1.3902.4101.1.3.1.8.3230024 = Alarm Object:SITE; 
Site ID:105;
Logic Position:System No.:105,Module No.:10,Index:15;; 1.3.6.1.4.1.3902.4101.1.3.1.12.3230024 = MRNC; 1.3.6.1.4.1.3902.4101.1.3.1.9.3230024 = 3230024; 1.3.6.1.4.1.3902.4101.1.3.1.1.3230024 = 7e3a66cc-1e92-4991-8cc2-184236348611---24929@1702@100001@2@2; 1.3.6.1.4.1.3902.4101.1.3.1.14.3230024 = Site Abis control link broken; 1.3.6.1.4.1.3902.4101.1.3.1.15.3230024 = HRTZ01(2),gv4.bsc(2),HRTC105_Char_Rahie_Zaman_Jan(105),GBssFunction=2,GBtsEquipment=105; 1.3.6.1.4.1.3902.4101.1.3.1.16.3230024 = 20425; 1.3.6.1.4.1.3902.4101.1.3.1.17.3230024 = 129.0.1.1; 1.3.6.1.4.1.3902.4101.1.3.1.18.3230024 = 2; 1.3.6.1.4.1.3902.4101.1.3.1.19.3230024 = ; 1.3.6.1.4.1.3902.4101.1.3.1.20.3230024 = GMT+04:30; 1.3.6.1.4.1.3902.4101.1.3.1.21.3230024 = 16200000; 1.3.6.1.4.1.3902.4101.1.3.1.22.3230024 = 0; 1.3.6.1.4.1.3902.4101.1.3.1.23.3230024 = 24929; 1.3.6.1.4.1.3902.4101.1.3.1.24.3230024 = 1718089543566; 1.3.6.1.4.1.3902.4101.1.3.1.26.3230024 = HRTZ01(2); 1.3.6.1.4.1.3902.4101.1.3.1.10.3230024 = ; 1.3.6.1.4.1.3902.4101.1.3.1.25.3230024 = ]]
BODY CREATED | 2026-09-28T12:27:05.704155300 | Trap ID: 1718089543566 | Alarm Code: 199087337
KAFKA SEND INITIATED | 2026-09-28T12:27:05.705290200 | Trap ID: 1718089543566 | Alarm Code: 199087337
KAFKA SEND CALL COMPLETED | 2026-09-28T12:27:05.706321600 | Trap ID: 1718089543566
TRAP RECEIVED | 2026-09-28T12:27:05.708353600 | PDU: TRAP[requestID=342642692, errorStatus=Success(0), errorIndex=0, VBS[1.3.6.1.2.1.1.3.0 = 257 days, 11:11:31.43; 1.3.6.1.6.3.1.1.4.1.0 = 1.3.6.1.4.1.3902.4101.1.4.1.2; 1.3.6.1.4.1.3902.4101.1.3.1.3.3230028 = 2026-9-28,12:27:3.0,+4:30; 1.3.6.1.4.1.3902.4101.1.1.2 = 5459646; 1.3.6.1.4.1.3902.4101.1.1.4 = 5459645; 1.3.6.1.4.1.3902.4101.1.1.3 = DC=www.zte.com.cn,Network=ZTE_SYSTEM,ManagementNode=EMS,IRPAgent=1; 1.3.6.1.4.1.3902.4101.1.3.1.11.3230028 = 199087337; 1.3.6.1.4.1.3902.4101.1.3.1.2.3230028 = 7e3a66cc-1e92-4991-8cc2-184236348611,05b375e9-5558-4915-9fc0-abb7f7c2c145,627927d4-3873-4d5d-8475-69246296435a,GBssFunction=2,GBtsEquipment=2126; 1.3.6.1.4.1.3902.4101.1.3.1.4.3230028 = 1; 1.3.6.1.4.1.3902.4101.1.3.1.5.3230028 = 313; 1.3.6.1.4.1.3902.4101.1.3.1.6.3230028 = 2; 1.3.6.1.4.1.3902.4101.1.3.1.7.3230028 = 1. The configured site does not exist.
2. In case of an IP site, the IP-related configuration is incorrect.
3. In case of an E1 site, the Abis timeslot configuration is incorrect.
4. The Abis transmission is abnormal.; 1.3.6.1.4.1.3902.4101.1.3.1.8.3230028 = Alarm Object:SITE; 
Site ID:2126;
Logic Position:System No.:2126,Module No.:3,Index:15;; 1.3.6.1.4.1.3902.4101.1.3.1.12.3230028 = MRNC; 1.3.6.1.4.1.3902.4101.1.3.1.9.3230028 = 3230028; 1.3.6.1.4.1.3902.4101.1.3.1.1.3230028 = 7e3a66cc-1e92-4991-8cc2-184236348611---24933@1702@100001@2@2; 1.3.6.1.4.1.3902.4101.1.3.1.14.3230028 = Site Abis control link broken; 1.3.6.1.4.1.3902.4101.1.3.1.15.3230028 = HRTZ01(2),gv4.bsc(2),HRTC126_GHARBE_PARKE_WELAYAT_CO(MTN)(2126),GBssFunction=2,GBtsEquipment=2126; 1.3.6.1.4.1.3902.4101.1.3.1.16.3230028 = 20425; 1.3.6.1.4.1.3902.4101.1.3.1.17.3230028 = 129.0.1.1; 1.3.6.1.4.1.3902.4101.1.3.1.18.3230028 = 2; 1.3.6.1.4.1.3902.4101.1.3.1.19.3230028 = ; 1.3.6.1.4.1.3902.4101.1.3.1.20.3230028 = GMT+04:30; 1.3.6.1.4.1.3902.4101.1.3.1.21.3230028 = 16200000; 1.3.6.1.4.1.3902.4101.1.3.1.22.3230028 = 0; 1.3.6.1.4.1.3902.4101.1.3.1.23.3230028 = 24933; 1.3.6.1.4.1.3902.4101.1.3.1.24.3230028 = 1718089543570; 1.3.6.1.4.1.3902.4101.1.3.1.26.3230028 = HRTZ01(2); 1.3.6.1.4.1.3902.4101.1.3.1.10.3230028 = ; 1.3.6.1.4.1.3902.4101.1.3.1.25.3230028 = ]]
BODY CREATED | 2026-09-28T12:27:05.709350200 | Trap ID: 1718089543570 | Alarm Code: 199087337
KAFKA SEND INITIATED | 2026-09-28T12:27:05.710558700 | Trap ID: 1718089543570 | Alarm Code: 199087337
KAFKA SEND CALL COMPLETED | 2026-09-28T12:27:05.711572300 | Trap ID: 1718089543570
TRAP RECEIVED | 2026-09-28T12:32:17.731443700 | PDU: TRAP[requestID=342643010, errorStatus=Success(0), errorIndex=0, VBS[1.3.6.1.2.1.1.3.0 = 257 days, 11:16:43.46; 1.3.6.1.6.3.1.1.4.1.0 = 1.3.6.1.4.1.3902.4101.1.4.1.2; 1.3.6.1.4.1.3902.4101.1.3.1.3.3230021 = 2026-9-28,12:32:16.0,+4:30; 1.3.6.1.4.1.3902.4101.1.1.2 = 5459795; 1.3.6.1.4.1.3902.4101.1.1.4 = 5459794; 1.3.6.1.4.1.3902.4101.1.1.3 = DC=www.zte.com.cn,Network=ZTE_SYSTEM,ManagementNode=EMS,IRPAgent=1; 1.3.6.1.4.1.3902.4101.1.3.1.11.3230021 = 199087337; 1.3.6.1.4.1.3902.4101.1.3.1.2.3230021 = 7e3a66cc-1e92-4991-8cc2-184236348611,05b375e9-5558-4915-9fc0-abb7f7c2c145,e6a1e70a-ea4a-4f8e-b5b4-313efd329940,GBssFunction=2,GBtsEquipment=107; 1.3.6.1.4.1.3902.4101.1.3.1.4.3230021 = 1; 1.3.6.1.4.1.3902.4101.1.3.1.5.3230021 = 313; 1.3.6.1.4.1.3902.4101.1.3.1.6.3230021 = 2; 1.3.6.1.4.1.3902.4101.1.3.1.7.3230021 = 1. The configured site does not exist.
2. In case of an IP site, the IP-related configuration is incorrect.
3. In case of an E1 site, the Abis timeslot configuration is incorrect.
4. The Abis transmission is abnormal.; 1.3.6.1.4.1.3902.4101.1.3.1.8.3230021 = Alarm Object:SITE; 
Site ID:107;
Logic Position:System No.:107,Module No.:4,Index:15;; 1.3.6.1.4.1.3902.4101.1.3.1.12.3230021 = MRNC; 1.3.6.1.4.1.3902.4101.1.3.1.9.3230021 = 3230021; 1.3.6.1.4.1.3902.4101.1.3.1.1.3230021 = 7e3a66cc-1e92-4991-8cc2-184236348611---24926@1702@100001@2@2; 1.3.6.1.4.1.3902.4101.1.3.1.14.3230021 = Site Abis control link broken; 1.3.6.1.4.1.3902.4101.1.3.1.15.3230021 = HRTZ01(2),gv4.bsc(2),HRTC107_Postie_Number1_P1_AWCC_HER014(107),GBssFunction=2,GBtsEquipment=107; 1.3.6.1.4.1.3902.4101.1.3.1.16.3230021 = 20425; 1.3.6.1.4.1.3902.4101.1.3.1.17.3230021 = 129.0.1.1; 1.3.6.1.4.1.3902.4101.1.3.1.18.3230021 = 2; 1.3.6.1.4.1.3902.4101.1.3.1.19.3230021 = ; 1.3.6.1.4.1.3902.4101.1.3.1.20.3230021 = GMT+04:30; 1.3.6.1.4.1.3902.4101.1.3.1.21.3230021 = 16200000; 1.3.6.1.4.1.3902.4101.1.3.1.22.3230021 = 0; 1.3.6.1.4.1.3902.4101.1.3.1.23.3230021 = 24926; 1.3.6.1.4.1.3902.4101.1.3.1.24.3230021 = 1718089543563; 1.3.6.1.4.1.3902.4101.1.3.1.26.3230021 = HRTZ01(2); 1.3.6.1.4.1.3902.4101.1.3.1.10.3230021 = ; 1.3.6.1.4.1.3902.4101.1.3.1.25.3230021 = ]]
BODY CREATED | 2026-09-28T12:32:17.732444100 | Trap ID: 1718089543563 | Alarm Code: 199087337
KAFKA SEND INITIATED | 2026-09-28T12:32:17.732444100 | Trap ID: 1718089543563 | Alarm Code: 199087337
KAFKA SEND CALL COMPLETED | 2026-09-28T12:32:17.732444100 | Trap ID: 1718089543563
TRAP RECEIVED | 2026-09-28T12:39:07.815229800 | PDU: TRAP[requestID=342643226, errorStatus=Success(0), errorIndex=0, VBS[1.3.6.1.2.1.1.3.0 = 257 days, 11:23:33.55; 1.3.6.1.6.3.1.1.4.1.0 = 1.3.6.1.4.1.3902.4101.1.4.1.1; 1.3.6.1.4.1.3902.4101.1.3.1.3.3230211 = 2026-9-28,12:39:7.0,+4:30; 1.3.6.1.4.1.3902.4101.1.1.2 = 5459889; 1.3.6.1.4.1.3902.4101.1.1.4 = 5459888; 1.3.6.1.4.1.3902.4101.1.1.3 = DC=www.zte.com.cn,Network=ZTE_SYSTEM,ManagementNode=EMS,IRPAgent=1; 1.3.6.1.4.1.3902.4101.1.3.1.11.3230211 = 199087337; 1.3.6.1.4.1.3902.4101.1.3.1.2.3230211 = 7e3a66cc-1e92-4991-8cc2-184236348611,05b375e9-5558-4915-9fc0-abb7f7c2c145,c37cafb8-e9eb-4898-b380-9a13ea8f2552,GBssFunction=2,GBtsEquipment=81; 1.3.6.1.4.1.3902.4101.1.3.1.4.3230211 = 1; 1.3.6.1.4.1.3902.4101.1.3.1.5.3230211 = 313; 1.3.6.1.4.1.3902.4101.1.3.1.6.3230211 = 2; 1.3.6.1.4.1.3902.4101.1.3.1.7.3230211 = 1. The configured site does not exist.
2. In case of an IP site, the IP-related configuration is incorrect.
3. In case of an E1 site, the Abis timeslot configuration is incorrect.
4. The Abis transmission is abnormal.; 1.3.6.1.4.1.3902.4101.1.3.1.8.3230211 = Alarm Object:SITE; 
Site ID:81;
Logic Position:System No.:81,Module No.:10,Index:15;; 1.3.6.1.4.1.3902.4101.1.3.1.12.3230211 = MRNC; 1.3.6.1.4.1.3902.4101.1.3.1.9.3230211 = 3230211; 1.3.6.1.4.1.3902.4101.1.3.1.1.3230211 = 7e3a66cc-1e92-4991-8cc2-184236348611---24979@1702@100001@2@2; 1.3.6.1.4.1.3902.4101.1.3.1.14.3230211 = Site Abis control link broken; 1.3.6.1.4.1.3902.4101.1.3.1.15.3230211 = HRTZ01(2),gv4.bsc(2),HRTC081_Takn_e_Molawi_Saheb_P1_OPEX_ACG(81),GBssFunction=2,GBtsEquipment=81; 1.3.6.1.4.1.3902.4101.1.3.1.16.3230211 = 20425; 1.3.6.1.4.1.3902.4101.1.3.1.17.3230211 = 129.0.1.1; 1.3.6.1.4.1.3902.4101.1.3.1.18.3230211 = 2; 1.3.6.1.4.1.3902.4101.1.3.1.19.3230211 = ; 1.3.6.1.4.1.3902.4101.1.3.1.20.3230211 = GMT+04:30; 1.3.6.1.4.1.3902.4101.1.3.1.21.3230211 = 16200000; 1.3.6.1.4.1.3902.4101.1.3.1.22.3230211 = 0; 1.3.6.1.4.1.3902.4101.1.3.1.23.3230211 = 24979; 1.3.6.1.4.1.3902.4101.1.3.1.24.3230211 = 1718089543753; 1.3.6.1.4.1.3902.4101.1.3.1.26.3230211 = HRTZ01(2); 1.3.6.1.4.1.3902.4101.1.3.1.10.3230211 = ; 1.3.6.1.4.1.3902.4101.1.3.1.25.3230211 = ]]
BODY CREATED | 2026-09-28T12:39:07.816512700 | Trap ID: 1718089543753 | Alarm Code: 199087337
KAFKA SEND INITIATED | 2026-09-28T12:39:07.819054300 | Trap ID: 1718089543753 | Alarm Code: 199087337
KAFKA SEND CALL COMPLETED | 2026-09-28T12:39:07.820060200 | Trap ID: 1718089543753
TRAP RECEIVED | 2026-09-28T12:41:57.833339500 | PDU: TRAP[requestID=342643350, errorStatus=Success(0), errorIndex=0, VBS[1.3.6.1.2.1.1.3.0 = 257 days, 11:26:23.57; 1.3.6.1.6.3.1.1.4.1.0 = 1.3.6.1.4.1.3902.4101.1.4.1.2; 1.3.6.1.4.1.3902.4101.1.3.1.3.3230211 = 2026-9-28,12:41:55.0,+4:30; 1.3.6.1.4.1.3902.4101.1.1.2 = 5459945; 1.3.6.1.4.1.3902.4101.1.1.4 = 5459944; 1.3.6.1.4.1.3902.4101.1.1.3 = DC=www.zte.com.cn,Network=ZTE_SYSTEM,ManagementNode=EMS,IRPAgent=1; 1.3.6.1.4.1.3902.4101.1.3.1.11.3230211 = 199087337; 1.3.6.1.4.1.3902.4101.1.3.1.2.3230211 = 7e3a66cc-1e92-4991-8cc2-184236348611,05b375e9-5558-4915-9fc0-abb7f7c2c145,c37cafb8-e9eb-4898-b380-9a13ea8f2552,GBssFunction=2,GBtsEquipment=81; 1.3.6.1.4.1.3902.4101.1.3.1.4.3230211 = 1; 1.3.6.1.4.1.3902.4101.1.3.1.5.3230211 = 313; 1.3.6.1.4.1.3902.4101.1.3.1.6.3230211 = 2; 1.3.6.1.4.1.3902.4101.1.3.1.7.3230211 = 1. The configured site does not exist.
2. In case of an IP site, the IP-related configuration is incorrect.
3. In case of an E1 site, the Abis timeslot configuration is incorrect.
4. The Abis transmission is abnormal.; 1.3.6.1.4.1.3902.4101.1.3.1.8.3230211 = Alarm Object:SITE; 
Site ID:81;
Logic Position:System No.:81,Module No.:10,Index:15;; 1.3.6.1.4.1.3902.4101.1.3.1.12.3230211 = MRNC; 1.3.6.1.4.1.3902.4101.1.3.1.9.3230211 = 3230211; 1.3.6.1.4.1.3902.4101.1.3.1.1.3230211 = 7e3a66cc-1e92-4991-8cc2-184236348611---24979@1702@100001@2@2; 1.3.6.1.4.1.3902.4101.1.3.1.14.3230211 = Site Abis control link broken; 1.3.6.1.4.1.3902.4101.1.3.1.15.3230211 = HRTZ01(2),gv4.bsc(2),HRTC081_Takn_e_Molawi_Saheb_P1_OPEX_ACG(81),GBssFunction=2,GBtsEquipment=81; 1.3.6.1.4.1.3902.4101.1.3.1.16.3230211 = 20425; 1.3.6.1.4.1.3902.4101.1.3.1.17.3230211 = 129.0.1.1; 1.3.6.1.4.1.3902.4101.1.3.1.18.3230211 = 2; 1.3.6.1.4.1.3902.4101.1.3.1.19.3230211 = ; 1.3.6.1.4.1.3902.4101.1.3.1.20.3230211 = GMT+04:30; 1.3.6.1.4.1.3902.4101.1.3.1.21.3230211 = 16200000; 1.3.6.1.4.1.3902.4101.1.3.1.22.3230211 = 0; 1.3.6.1.4.1.3902.4101.1.3.1.23.3230211 = 24979; 1.3.6.1.4.1.3902.4101.1.3.1.24.3230211 = 1718089543753; 1.3.6.1.4.1.3902.4101.1.3.1.26.3230211 = HRTZ01(2); 1.3.6.1.4.1.3902.4101.1.3.1.10.3230211 = ; 1.3.6.1.4.1.3902.4101.1.3.1.25.3230211 = ]]
BODY CREATED | 2026-09-28T12:41:57.834573600 | Trap ID: 1718089543753 | Alarm Code: 199087337
KAFKA SEND INITIATED | 2026-09-28T12:41:57.835633800 | Trap ID: 1718089543753 | Alarm Code: 199087337
KAFKA SEND CALL COMPLETED | 2026-09-28T12:41:57.836920500 | Trap ID: 1718089543753
TRAP RECEIVED | 2026-09-28T12:53:25.924262300 | PDU: TRAP[requestID=342643952, errorStatus=Success(0), errorIndex=0, VBS[1.3.6.1.2.1.1.3.0 = 257 days, 11:37:51.65; 1.3.6.1.6.3.1.1.4.1.0 = 1.3.6.1.4.1.3902.4101.1.4.1.1; 1.3.6.1.4.1.3902.4101.1.3.1.3.3230272 = 2026-9-28,12:53:23.0,+4:30; 1.3.6.1.4.1.3902.4101.1.1.2 = 5460223; 1.3.6.1.4.1.3902.4101.1.1.4 = 5460222; 1.3.6.1.4.1.3902.4101.1.1.3 = DC=www.zte.com.cn,Network=ZTE_SYSTEM,ManagementNode=EMS,IRPAgent=1; 1.3.6.1.4.1.3902.4101.1.3.1.11.3230272 = 199087337; 1.3.6.1.4.1.3902.4101.1.3.1.2.3230272 = 7e3a66cc-1e92-4991-8cc2-184236348611,05b375e9-5558-4915-9fc0-abb7f7c2c145,6bd0cbcc-fdb8-4e20-ba6b-2114fa5bb7bc,GBssFunction=2,GBtsEquipment=2300; 1.3.6.1.4.1.3902.4101.1.3.1.4.3230272 = 1; 1.3.6.1.4.1.3902.4101.1.3.1.5.3230272 = 313; 1.3.6.1.4.1.3902.4101.1.3.1.6.3230272 = 2; 1.3.6.1.4.1.3902.4101.1.3.1.7.3230272 = 1. The configured site does not exist.
2. In case of an IP site, the IP-related configuration is incorrect.
3. In case of an E1 site, the Abis timeslot configuration is incorrect.
4. The Abis transmission is abnormal.; 1.3.6.1.4.1.3902.4101.1.3.1.8.3230272 = Alarm Object:SITE; 
Site ID:2300;
Logic Position:System No.:2300,Module No.:9,Index:15;; 1.3.6.1.4.1.3902.4101.1.3.1.12.3230272 = MRNC; 1.3.6.1.4.1.3902.4101.1.3.1.9.3230272 = 3230272; 1.3.6.1.4.1.3902.4101.1.3.1.1.3230272 = 7e3a66cc-1e92-4991-8cc2-184236348611---24987@1702@100001@2@2; 1.3.6.1.4.1.3902.4101.1.3.1.14.3230272 = Site Abis control link broken; 1.3.6.1.4.1.3902.4101.1.3.1.15.3230272 = HRTZ01(2),gv4.bsc(2),HRTC200_JEBRAIL_KORAMILLI_OPX_(PT)(2300),GBssFunction=2,GBtsEquipment=2300; 1.3.6.1.4.1.3902.4101.1.3.1.16.3230272 = 20425; 1.3.6.1.4.1.3902.4101.1.3.1.17.3230272 = 129.0.1.1; 1.3.6.1.4.1.3902.4101.1.3.1.18.3230272 = 2; 1.3.6.1.4.1.3902.4101.1.3.1.19.3230272 = ; 1.3.6.1.4.1.3902.4101.1.3.1.20.3230272 = GMT+04:30; 1.3.6.1.4.1.3902.4101.1.3.1.21.3230272 = 16200000; 1.3.6.1.4.1.3902.4101.1.3.1.22.3230272 = 0; 1.3.6.1.4.1.3902.4101.1.3.1.23.3230272 = 24987; 1.3.6.1.4.1.3902.4101.1.3.1.24.3230272 = 1718089543814; 1.3.6.1.4.1.3902.4101.1.3.1.26.3230272 = HRTZ01(2); 1.3.6.1.4.1.3902.4101.1.3.1.10.3230272 = ; 1.3.6.1.4.1.3902.4101.1.3.1.25.3230272 = ]]
BODY CREATED | 2026-09-28T12:53:25.927264500 | Trap ID: 1718089543814 | Alarm Code: 199087337
KAFKA SEND INITIATED | 2026-09-28T12:53:25.939264800 | Trap ID: 1718089543814 | Alarm Code: 199087337
KAFKA SEND CALL COMPLETED | 2026-09-28T12:53:25.942271900 | Trap ID: 1718089543814
TRAP RECEIVED | 2026-09-28T12:54:05.947579300 | PDU: TRAP[requestID=342644058, errorStatus=Success(0), errorIndex=0, VBS[1.3.6.1.2.1.1.3.0 = 257 days, 11:38:31.69; 1.3.6.1.6.3.1.1.4.1.0 = 1.3.6.1.4.1.3902.4101.1.4.1.1; 1.3.6.1.4.1.3902.4101.1.3.1.3.3230284 = 2026-9-28,12:54:4.0,+4:30; 1.3.6.1.4.1.3902.4101.1.1.2 = 5460275; 1.3.6.1.4.1.3902.4101.1.1.4 = 5460274; 1.3.6.1.4.1.3902.4101.1.1.3 = DC=www.zte.com.cn,Network=ZTE_SYSTEM,ManagementNode=EMS,IRPAgent=1; 1.3.6.1.4.1.3902.4101.1.3.1.11.3230284 = 199087337; 1.3.6.1.4.1.3902.4101.1.3.1.2.3230284 = 7e3a66cc-1e92-4991-8cc2-184236348611,05b375e9-5558-4915-9fc0-abb7f7c2c145,e5ed98b3-fe63-42fd-ba06-4dc5c98a273a,GBssFunction=2,GBtsEquipment=2327; 1.3.6.1.4.1.3902.4101.1.3.1.4.3230284 = 1; 1.3.6.1.4.1.3902.4101.1.3.1.5.3230284 = 313; 1.3.6.1.4.1.3902.4101.1.3.1.6.3230284 = 2; 1.3.6.1.4.1.3902.4101.1.3.1.7.3230284 = 1. The configured site does not exist.
2. In case of an IP site, the IP-related configuration is incorrect.
3. In case of an E1 site, the Abis timeslot configuration is incorrect.
4. The Abis transmission is abnormal.; 1.3.6.1.4.1.3902.4101.1.3.1.8.3230284 = Alarm Object:SITE; 
Site ID:2327;
Logic Position:System No.:2327,Module No.:7,Index:15;; 1.3.6.1.4.1.3902.4101.1.3.1.12.3230284 = MRNC; 1.3.6.1.4.1.3902.4101.1.3.1.9.3230284 = 3230284; 1.3.6.1.4.1.3902.4101.1.3.1.1.3230284 = 7e3a66cc-1e92-4991-8cc2-184236348611---24993@1702@100001@2@2; 1.3.6.1.4.1.3902.4101.1.3.1.14.3230284 = Site Abis control link broken; 1.3.6.1.4.1.3902.4101.1.3.1.15.3230284 = HRTZ01(2),gv4.bsc(2),HRTP227(2327),GBssFunction=2,GBtsEquipment=2327; 1.3.6.1.4.1.3902.4101.1.3.1.16.3230284 = 20425; 1.3.6.1.4.1.3902.4101.1.3.1.17.3230284 = 129.0.1.1; 1.3.6.1.4.1.3902.4101.1.3.1.18.3230284 = 2; 1.3.6.1.4.1.3902.4101.1.3.1.19.3230284 = ; 1.3.6.1.4.1.3902.4101.1.3.1.20.3230284 = GMT+04:30; 1.3.6.1.4.1.3902.4101.1.3.1.21.3230284 = 16200000; 1.3.6.1.4.1.3902.4101.1.3.1.22.3230284 = 0; 1.3.6.1.4.1.3902.4101.1.3.1.23.3230284 = 24993; 1.3.6.1.4.1.3902.4101.1.3.1.24.3230284 = 1718089543826; 1.3.6.1.4.1.3902.4101.1.3.1.26.3230284 = HRTZ01(2); 1.3.6.1.4.1.3902.4101.1.3.1.10.3230284 = ; 1.3.6.1.4.1.3902.4101.1.3.1.25.3230284 = ]]
BODY CREATED | 2026-09-28T12:54:05.947579300 | Trap ID: 1718089543826 | Alarm Code: 199087337
KAFKA SEND INITIATED | 2026-09-28T12:54:05.948598400 | Trap ID: 1718089543826 | Alarm Code: 199087337
KAFKA SEND CALL COMPLETED | 2026-09-28T12:54:05.948598400 | Trap ID: 1718089543826
TRAP RECEIVED | 2026-09-28T12:59:13.866355400 | PDU: TRAP[requestID=342644300, errorStatus=Success(0), errorIndex=0, VBS[1.3.6.1.2.1.1.3.0 = 257 days, 11:43:39.61; 1.3.6.1.6.3.1.1.4.1.0 = 1.3.6.1.4.1.3902.4101.1.4.1.2; 1.3.6.1.4.1.3902.4101.1.3.1.3.3230284 = 2026-9-28,12:59:13.0,+4:30; 1.3.6.1.4.1.3902.4101.1.1.2 = 5460386; 1.3.6.1.4.1.3902.4101.1.1.4 = 5460385; 1.3.6.1.4.1.3902.4101.1.1.3 = DC=www.zte.com.cn,Network=ZTE_SYSTEM,ManagementNode=EMS,IRPAgent=1; 1.3.6.1.4.1.3902.4101.1.3.1.11.3230284 = 199087337; 1.3.6.1.4.1.3902.4101.1.3.1.2.3230284 = 7e3a66cc-1e92-4991-8cc2-184236348611,05b375e9-5558-4915-9fc0-abb7f7c2c145,e5ed98b3-fe63-42fd-ba06-4dc5c98a273a,GBssFunction=2,GBtsEquipment=2327; 1.3.6.1.4.1.3902.4101.1.3.1.4.3230284 = 1; 1.3.6.1.4.1.3902.4101.1.3.1.5.3230284 = 313; 1.3.6.1.4.1.3902.4101.1.3.1.6.3230284 = 2; 1.3.6.1.4.1.3902.4101.1.3.1.7.3230284 = 1. The configured site does not exist.
2. In case of an IP site, the IP-related configuration is incorrect.
3. In case of an E1 site, the Abis timeslot configuration is incorrect.
4. The Abis transmission is abnormal.; 1.3.6.1.4.1.3902.4101.1.3.1.8.3230284 = Alarm Object:SITE; 
Site ID:2327;
Logic Position:System No.:2327,Module No.:7,Index:15;; 1.3.6.1.4.1.3902.4101.1.3.1.12.3230284 = MRNC; 1.3.6.1.4.1.3902.4101.1.3.1.9.3230284 = 3230284; 1.3.6.1.4.1.3902.4101.1.3.1.1.3230284 = 7e3a66cc-1e92-4991-8cc2-184236348611---24993@1702@100001@2@2; 1.3.6.1.4.1.3902.4101.1.3.1.14.3230284 = Site Abis control link broken; 1.3.6.1.4.1.3902.4101.1.3.1.15.3230284 = HRTZ01(2),gv4.bsc(2),HRTP227(2327),GBssFunction=2,GBtsEquipment=2327; 1.3.6.1.4.1.3902.4101.1.3.1.16.3230284 = 20425; 1.3.6.1.4.1.3902.4101.1.3.1.17.3230284 = 129.0.1.1; 1.3.6.1.4.1.3902.4101.1.3.1.18.3230284 = 2; 1.3.6.1.4.1.3902.4101.1.3.1.19.3230284 = ; 1.3.6.1.4.1.3902.4101.1.3.1.20.3230284 = GMT+04:30; 1.3.6.1.4.1.3902.4101.1.3.1.21.3230284 = 16200000; 1.3.6.1.4.1.3902.4101.1.3.1.22.3230284 = 0; 1.3.6.1.4.1.3902.4101.1.3.1.23.3230284 = 24993; 1.3.6.1.4.1.3902.4101.1.3.1.24.3230284 = 1718089543826; 1.3.6.1.4.1.3902.4101.1.3.1.26.3230284 = HRTZ01(2); 1.3.6.1.4.1.3902.4101.1.3.1.10.3230284 = ; 1.3.6.1.4.1.3902.4101.1.3.1.25.3230284 = ]]
BODY CREATED | 2026-09-28T12:59:13.871164200 | Trap ID: 1718089543826 | Alarm Code: 199087337
KAFKA SEND INITIATED | 2026-09-28T12:59:13.872168800 | Trap ID: 1718089543826 | Alarm Code: 199087337
KAFKA SEND CALL COMPLETED | 2026-09-28T12:59:13.874169700 | Trap ID: 1718089543826
TRAP RECEIVED | 2026-09-28T13:02:29.595520 | PDU: TRAP[requestID=342644398, errorStatus=Success(0), errorIndex=0, VBS[1.3.6.1.2.1.1.3.0 = 257 days, 11:46:55.35; 1.3.6.1.6.3.1.1.4.1.0 = 1.3.6.1.4.1.3902.4101.1.4.1.1; 1.3.6.1.4.1.3902.4101.1.3.1.3.3230324 = 2026-9-28,13:2:27.0,+4:30; 1.3.6.1.4.1.3902.4101.1.1.2 = 5460428; 1.3.6.1.4.1.3902.4101.1.1.4 = 5460427; 1.3.6.1.4.1.3902.4101.1.1.3 = DC=www.zte.com.cn,Network=ZTE_SYSTEM,ManagementNode=EMS,IRPAgent=1; 1.3.6.1.4.1.3902.4101.1.3.1.11.3230324 = 199087337; 1.3.6.1.4.1.3902.4101.1.3.1.2.3230324 = 971a09da-4bb9-4c91-859e-ad970ec0757b,0c455a51-2fe4-4967-8860-dc1e2f48ca0a,fad17b2f-65c3-45c5-8be5-088259b19fee,GBssFunction=6,GBtsEquipment=5440; 1.3.6.1.4.1.3902.4101.1.3.1.4.3230324 = 1; 1.3.6.1.4.1.3902.4101.1.3.1.5.3230324 = 313; 1.3.6.1.4.1.3902.4101.1.3.1.6.3230324 = 2; 1.3.6.1.4.1.3902.4101.1.3.1.7.3230324 = 1. The configured site does not exist.
2. In case of an IP site, the IP-related configuration is incorrect.
3. In case of an E1 site, the Abis timeslot configuration is incorrect.
4. The Abis transmission is abnormal.; 1.3.6.1.4.1.3902.4101.1.3.1.8.3230324 = Alarm Object:SITE; 
Site ID:5440;
Logic Position:System No.:5440,Module No.:4,Index:15;; 1.3.6.1.4.1.3902.4101.1.3.1.12.3230324 = MRNC; 1.3.6.1.4.1.3902.4101.1.3.1.9.3230324 = 3230324; 1.3.6.1.4.1.3902.4101.1.3.1.1.3230324 = 971a09da-4bb9-4c91-859e-ad970ec0757b---141159@1702@100001@6@6; 1.3.6.1.4.1.3902.4101.1.3.1.14.3230324 = Site Abis control link broken; 1.3.6.1.4.1.3902.4101.1.3.1.15.3230324 = KDRZ02(6),gv4.bsc(6),KDRC040_Kochai_Mulla_Alam(5440),GBssFunction=6,GBtsEquipment=5440; 1.3.6.1.4.1.3902.4101.1.3.1.16.3230324 = 20425; 1.3.6.1.4.1.3902.4101.1.3.1.17.3230324 = 129.0.1.1; 1.3.6.1.4.1.3902.4101.1.3.1.18.3230324 = 2; 1.3.6.1.4.1.3902.4101.1.3.1.19.3230324 = ; 1.3.6.1.4.1.3902.4101.1.3.1.20.3230324 = GMT+04:30; 1.3.6.1.4.1.3902.4101.1.3.1.21.3230324 = 16200000; 1.3.6.1.4.1.3902.4101.1.3.1.22.3230324 = 0; 1.3.6.1.4.1.3902.4101.1.3.1.23.3230324 = 141159; 1.3.6.1.4.1.3902.4101.1.3.1.24.3230324 = 1718089543866; 1.3.6.1.4.1.3902.4101.1.3.1.26.3230324 = KDRZ02(6); 1.3.6.1.4.1.3902.4101.1.3.1.10.3230324 = ; 1.3.6.1.4.1.3902.4101.1.3.1.25.3230324 = ]]
BODY CREATED | 2026-09-28T13:02:29.597523600 | Trap ID: 1718089543866 | Alarm Code: 199087337
KAFKA SEND INITIATED | 2026-09-28T13:02:29.597523600 | Trap ID: 1718089543866 | Alarm Code: 199087337
KAFKA SEND CALL COMPLETED | 2026-09-28T13:02:29.598523500 | Trap ID: 1718089543866
TRAP RECEIVED | 2026-09-28T13:02:37.603909 | PDU: TRAP[requestID=342644402, errorStatus=Success(0), errorIndex=0, VBS[1.3.6.1.2.1.1.3.0 = 257 days, 11:47:03.36; 1.3.6.1.6.3.1.1.4.1.0 = 1.3.6.1.4.1.3902.4101.1.4.1.2; 1.3.6.1.4.1.3902.4101.1.3.1.3.3230324 = 2026-9-28,13:2:37.0,+4:30; 1.3.6.1.4.1.3902.4101.1.1.2 = 5460430; 1.3.6.1.4.1.3902.4101.1.1.4 = 5460429; 1.3.6.1.4.1.3902.4101.1.1.3 = DC=www.zte.com.cn,Network=ZTE_SYSTEM,ManagementNode=EMS,IRPAgent=1; 1.3.6.1.4.1.3902.4101.1.3.1.11.3230324 = 199087337; 1.3.6.1.4.1.3902.4101.1.3.1.2.3230324 = 971a09da-4bb9-4c91-859e-ad970ec0757b,0c455a51-2fe4-4967-8860-dc1e2f48ca0a,fad17b2f-65c3-45c5-8be5-088259b19fee,GBssFunction=6,GBtsEquipment=5440; 1.3.6.1.4.1.3902.4101.1.3.1.4.3230324 = 1; 1.3.6.1.4.1.3902.4101.1.3.1.5.3230324 = 313; 1.3.6.1.4.1.3902.4101.1.3.1.6.3230324 = 2; 1.3.6.1.4.1.3902.4101.1.3.1.7.3230324 = 1. The configured site does not exist.
2. In case of an IP site, the IP-related configuration is incorrect.
3. In case of an E1 site, the Abis timeslot configuration is incorrect.
4. The Abis transmission is abnormal.; 1.3.6.1.4.1.3902.4101.1.3.1.8.3230324 = Alarm Object:SITE; 
Site ID:5440;
Logic Position:System No.:5440,Module No.:4,Index:15;; 1.3.6.1.4.1.3902.4101.1.3.1.12.3230324 = MRNC; 1.3.6.1.4.1.3902.4101.1.3.1.9.3230324 = 3230324; 1.3.6.1.4.1.3902.4101.1.3.1.1.3230324 = 971a09da-4bb9-4c91-859e-ad970ec0757b---141159@1702@100001@6@6; 1.3.6.1.4.1.3902.4101.1.3.1.14.3230324 = Site Abis control link broken; 1.3.6.1.4.1.3902.4101.1.3.1.15.3230324 = KDRZ02(6),gv4.bsc(6),KDRC040_Kochai_Mulla_Alam(5440),GBssFunction=6,GBtsEquipment=5440; 1.3.6.1.4.1.3902.4101.1.3.1.16.3230324 = 20425; 1.3.6.1.4.1.3902.4101.1.3.1.17.3230324 = 129.0.1.1; 1.3.6.1.4.1.3902.4101.1.3.1.18.3230324 = 2; 1.3.6.1.4.1.3902.4101.1.3.1.19.3230324 = ; 1.3.6.1.4.1.3902.4101.1.3.1.20.3230324 = GMT+04:30; 1.3.6.1.4.1.3902.4101.1.3.1.21.3230324 = 16200000; 1.3.6.1.4.1.3902.4101.1.3.1.22.3230324 = 0; 1.3.6.1.4.1.3902.4101.1.3.1.23.3230324 = 141159; 1.3.6.1.4.1.3902.4101.1.3.1.24.3230324 = 1718089543866; 1.3.6.1.4.1.3902.4101.1.3.1.26.3230324 = KDRZ02(6); 1.3.6.1.4.1.3902.4101.1.3.1.10.3230324 = ; 1.3.6.1.4.1.3902.4101.1.3.1.25.3230324 = ]]
BODY CREATED | 2026-09-28T13:02:37.605919400 | Trap ID: 1718089543866 | Alarm Code: 199087337
KAFKA SEND INITIATED | 2026-09-28T13:02:37.607920 | Trap ID: 1718089543866 | Alarm Code: 199087337
KAFKA SEND CALL COMPLETED | 2026-09-28T13:02:37.609224300 | Trap ID: 1718089543866
TRAP RECEIVED | 2026-09-28T13:03:17.631516500 | PDU: TRAP[requestID=342644424, errorStatus=Success(0), errorIndex=0, VBS[1.3.6.1.2.1.1.3.0 = 257 days, 11:47:43.38; 1.3.6.1.6.3.1.1.4.1.0 = 1.3.6.1.4.1.3902.4101.1.4.1.1; 1.3.6.1.4.1.3902.4101.1.3.1.3.3230328 = 2026-9-28,13:3:15.0,+4:30; 1.3.6.1.4.1.3902.4101.1.1.2 = 5460440; 1.3.6.1.4.1.3902.4101.1.1.4 = 5460439; 1.3.6.1.4.1.3902.4101.1.1.3 = DC=www.zte.com.cn,Network=ZTE_SYSTEM,ManagementNode=EMS,IRPAgent=1; 1.3.6.1.4.1.3902.4101.1.3.1.11.3230328 = 199087337; 1.3.6.1.4.1.3902.4101.1.3.1.2.3230328 = 971a09da-4bb9-4c91-859e-ad970ec0757b,0c455a51-2fe4-4967-8860-dc1e2f48ca0a,fad17b2f-65c3-45c5-8be5-088259b19fee,GBssFunction=6,GBtsEquipment=5440; 1.3.6.1.4.1.3902.4101.1.3.1.4.3230328 = 1; 1.3.6.1.4.1.3902.4101.1.3.1.5.3230328 = 313; 1.3.6.1.4.1.3902.4101.1.3.1.6.3230328 = 2; 1.3.6.1.4.1.3902.4101.1.3.1.7.3230328 = 1. The configured site does not exist.
2. In case of an IP site, the IP-related configuration is incorrect.
3. In case of an E1 site, the Abis timeslot configuration is incorrect.
4. The Abis transmission is abnormal.; 1.3.6.1.4.1.3902.4101.1.3.1.8.3230328 = Alarm Object:SITE; 
Site ID:5440;
Logic Position:System No.:5440,Module No.:4,Index:15;; 1.3.6.1.4.1.3902.4101.1.3.1.12.3230328 = MRNC; 1.3.6.1.4.1.3902.4101.1.3.1.9.3230328 = 3230328; 1.3.6.1.4.1.3902.4101.1.3.1.1.3230328 = 971a09da-4bb9-4c91-859e-ad970ec0757b---141162@1702@100001@6@6; 1.3.6.1.4.1.3902.4101.1.3.1.14.3230328 = Site Abis control link broken; 1.3.6.1.4.1.3902.4101.1.3.1.15.3230328 = KDRZ02(6),gv4.bsc(6),KDRC040_Kochai_Mulla_Alam(5440),GBssFunction=6,GBtsEquipment=5440; 1.3.6.1.4.1.3902.4101.1.3.1.16.3230328 = 20425; 1.3.6.1.4.1.3902.4101.1.3.1.17.3230328 = 129.0.1.1; 1.3.6.1.4.1.3902.4101.1.3.1.18.3230328 = 2; 1.3.6.1.4.1.3902.4101.1.3.1.19.3230328 = ; 1.3.6.1.4.1.3902.4101.1.3.1.20.3230328 = GMT+04:30; 1.3.6.1.4.1.3902.4101.1.3.1.21.3230328 = 16200000; 1.3.6.1.4.1.3902.4101.1.3.1.22.3230328 = 0; 1.3.6.1.4.1.3902.4101.1.3.1.23.3230328 = 141162; 1.3.6.1.4.1.3902.4101.1.3.1.24.3230328 = 1718089543870; 1.3.6.1.4.1.3902.4101.1.3.1.26.3230328 = KDRZ02(6); 1.3.6.1.4.1.3902.4101.1.3.1.10.3230328 = ; 1.3.6.1.4.1.3902.4101.1.3.1.25.3230328 = ]]
TRAP RECEIVED | 2026-09-28T13:03:17.631516500 | PDU: TRAP[requestID=342644426, errorStatus=Success(0), errorIndex=0, VBS[1.3.6.1.2.1.1.3.0 = 257 days, 11:47:43.38; 1.3.6.1.6.3.1.1.4.1.0 = 1.3.6.1.4.1.3902.4101.1.4.1.2; 1.3.6.1.4.1.3902.4101.1.3.1.3.3230328 = 2026-9-28,13:3:16.0,+4:30; 1.3.6.1.4.1.3902.4101.1.1.2 = 5460441; 1.3.6.1.4.1.3902.4101.1.1.4 = 5460440; 1.3.6.1.4.1.3902.4101.1.1.3 = DC=www.zte.com.cn,Network=ZTE_SYSTEM,ManagementNode=EMS,IRPAgent=1; 1.3.6.1.4.1.3902.4101.1.3.1.11.3230328 = 199087337; 1.3.6.1.4.1.3902.4101.1.3.1.2.3230328 = 971a09da-4bb9-4c91-859e-ad970ec0757b,0c455a51-2fe4-4967-8860-dc1e2f48ca0a,fad17b2f-65c3-45c5-8be5-088259b19fee,GBssFunction=6,GBtsEquipment=5440; 1.3.6.1.4.1.3902.4101.1.3.1.4.3230328 = 1; 1.3.6.1.4.1.3902.4101.1.3.1.5.3230328 = 313; 1.3.6.1.4.1.3902.4101.1.3.1.6.3230328 = 2; 1.3.6.1.4.1.3902.4101.1.3.1.7.3230328 = 1. The configured site does not exist.
2. In case of an IP site, the IP-related configuration is incorrect.
3. In case of an E1 site, the Abis timeslot configuration is incorrect.
4. The Abis transmission is abnormal.; 1.3.6.1.4.1.3902.4101.1.3.1.8.3230328 = Alarm Object:SITE; 
Site ID:5440;
Logic Position:System No.:5440,Module No.:4,Index:15;; 1.3.6.1.4.1.3902.4101.1.3.1.12.3230328 = MRNC; 1.3.6.1.4.1.3902.4101.1.3.1.9.3230328 = 3230328; 1.3.6.1.4.1.3902.4101.1.3.1.1.3230328 = 971a09da-4bb9-4c91-859e-ad970ec0757b---141162@1702@100001@6@6; 1.3.6.1.4.1.3902.4101.1.3.1.14.3230328 = Site Abis control link broken; 1.3.6.1.4.1.3902.4101.1.3.1.15.3230328 = KDRZ02(6),gv4.bsc(6),KDRC040_Kochai_Mulla_Alam(5440),GBssFunction=6,GBtsEquipment=5440; 1.3.6.1.4.1.3902.4101.1.3.1.16.3230328 = 20425; 1.3.6.1.4.1.3902.4101.1.3.1.17.3230328 = 129.0.1.1; 1.3.6.1.4.1.3902.4101.1.3.1.18.3230328 = 2; 1.3.6.1.4.1.3902.4101.1.3.1.19.3230328 = ; 1.3.6.1.4.1.3902.4101.1.3.1.20.3230328 = GMT+04:30; 1.3.6.1.4.1.3902.4101.1.3.1.21.3230328 = 16200000; 1.3.6.1.4.1.3902.4101.1.3.1.22.3230328 = 0; 1.3.6.1.4.1.3902.4101.1.3.1.23.3230328 = 141162; 1.3.6.1.4.1.3902.4101.1.3.1.24.3230328 = 1718089543870; 1.3.6.1.4.1.3902.4101.1.3.1.26.3230328 = KDRZ02(6); 1.3.6.1.4.1.3902.4101.1.3.1.10.3230328 = ; 1.3.6.1.4.1.3902.4101.1.3.1.25.3230328 = ]]
BODY CREATED | 2026-09-28T13:03:17.633518700 | Trap ID: 1718089543870 | Alarm Code: 199087337
BODY CREATED | 2026-09-28T13:03:17.633518700 | Trap ID: 1718089543870 | Alarm Code: 199087337
KAFKA SEND INITIATED | 2026-09-28T13:03:17.633518700 | Trap ID: 1718089543870 | Alarm Code: 199087337
KAFKA SEND INITIATED | 2026-09-28T13:03:17.633518700 | Trap ID: 1718089543870 | Alarm Code: 199087337
KAFKA SEND CALL COMPLETED | 2026-09-28T13:03:17.634516900 | Trap ID: 1718089543870
KAFKA SEND CALL COMPLETED | 2026-09-28T13:03:17.635951100 | Trap ID: 1718089543870
TRAP RECEIVED | 2026-09-28T13:15:12.018645900 | PDU: TRAP[requestID=342644724, errorStatus=Success(0), errorIndex=0, VBS[1.3.6.1.2.1.1.3.0 = 257 days, 11:59:37.78; 1.3.6.1.6.3.1.1.4.1.0 = 1.3.6.1.4.1.3902.4101.1.4.1.1; 1.3.6.1.4.1.3902.4101.1.3.1.3.3230360 = 2026-9-28,13:15:10.0,+4:30; 1.3.6.1.4.1.3902.4101.1.1.2 = 5460566; 1.3.6.1.4.1.3902.4101.1.1.4 = 5460565; 1.3.6.1.4.1.3902.4101.1.1.3 = DC=www.zte.com.cn,Network=ZTE_SYSTEM,ManagementNode=EMS,IRPAgent=1; 1.3.6.1.4.1.3902.4101.1.3.1.11.3230360 = 199087337; 1.3.6.1.4.1.3902.4101.1.3.1.2.3230360 = 7e3a66cc-1e92-4991-8cc2-184236348611,05b375e9-5558-4915-9fc0-abb7f7c2c145,c37cafb8-e9eb-4898-b380-9a13ea8f2552,GBssFunction=2,GBtsEquipment=81; 1.3.6.1.4.1.3902.4101.1.3.1.4.3230360 = 1; 1.3.6.1.4.1.3902.4101.1.3.1.5.3230360 = 313; 1.3.6.1.4.1.3902.4101.1.3.1.6.3230360 = 2; 1.3.6.1.4.1.3902.4101.1.3.1.7.3230360 = 1. The configured site does not exist.
2. In case of an IP site, the IP-related configuration is incorrect.
3. In case of an E1 site, the Abis timeslot configuration is incorrect.
4. The Abis transmission is abnormal.; 1.3.6.1.4.1.3902.4101.1.3.1.8.3230360 = Alarm Object:SITE; 
Site ID:81;
Logic Position:System No.:81,Module No.:10,Index:15;; 1.3.6.1.4.1.3902.4101.1.3.1.12.3230360 = MRNC; 1.3.6.1.4.1.3902.4101.1.3.1.9.3230360 = 3230360; 1.3.6.1.4.1.3902.4101.1.3.1.1.3230360 = 7e3a66cc-1e92-4991-8cc2-184236348611---25006@1702@100001@2@2; 1.3.6.1.4.1.3902.4101.1.3.1.14.3230360 = Site Abis control link broken; 1.3.6.1.4.1.3902.4101.1.3.1.15.3230360 = HRTZ01(2),gv4.bsc(2),HRTC081_Takn_e_Molawi_Saheb_P1_OPEX_ACG(81),GBssFunction=2,GBtsEquipment=81; 1.3.6.1.4.1.3902.4101.1.3.1.16.3230360 = 20425; 1.3.6.1.4.1.3902.4101.1.3.1.17.3230360 = 129.0.1.1; 1.3.6.1.4.1.3902.4101.1.3.1.18.3230360 = 2; 1.3.6.1.4.1.3902.4101.1.3.1.19.3230360 = ; 1.3.6.1.4.1.3902.4101.1.3.1.20.3230360 = GMT+04:30; 1.3.6.1.4.1.3902.4101.1.3.1.21.3230360 = 16200000; 1.3.6.1.4.1.3902.4101.1.3.1.22.3230360 = 0; 1.3.6.1.4.1.3902.4101.1.3.1.23.3230360 = 25006; 1.3.6.1.4.1.3902.4101.1.3.1.24.3230360 = 1718089543902; 1.3.6.1.4.1.3902.4101.1.3.1.26.3230360 = HRTZ01(2); 1.3.6.1.4.1.3902.4101.1.3.1.10.3230360 = ; 1.3.6.1.4.1.3902.4101.1.3.1.25.3230360 = ]]
BODY CREATED | 2026-09-28T13:15:12.021112200 | Trap ID: 1718089543902 | Alarm Code: 199087337
KAFKA SEND INITIATED | 2026-09-28T13:15:12.022128700 | Trap ID: 1718089543902 | Alarm Code: 199087337
KAFKA SEND CALL COMPLETED | 2026-09-28T13:15:12.023151600 | Trap ID: 1718089543902
TRAP RECEIVED | 2026-09-28T13:17:27.923897100 | PDU: TRAP[requestID=342644842, errorStatus=Success(0), errorIndex=0, VBS[1.3.6.1.2.1.1.3.0 = 257 days, 12:01:53.69; 1.3.6.1.6.3.1.1.4.1.0 = 1.3.6.1.4.1.3902.4101.1.4.1.2; 1.3.6.1.4.1.3902.4101.1.3.1.3.3230360 = 2026-9-28,13:17:27.0,+4:30; 1.3.6.1.4.1.3902.4101.1.1.2 = 5460620; 1.3.6.1.4.1.3902.4101.1.1.4 = 5460619; 1.3.6.1.4.1.3902.4101.1.1.3 = DC=www.zte.com.cn,Network=ZTE_SYSTEM,ManagementNode=EMS,IRPAgent=1; 1.3.6.1.4.1.3902.4101.1.3.1.11.3230360 = 199087337; 1.3.6.1.4.1.3902.4101.1.3.1.2.3230360 = 7e3a66cc-1e92-4991-8cc2-184236348611,05b375e9-5558-4915-9fc0-abb7f7c2c145,c37cafb8-e9eb-4898-b380-9a13ea8f2552,GBssFunction=2,GBtsEquipment=81; 1.3.6.1.4.1.3902.4101.1.3.1.4.3230360 = 1; 1.3.6.1.4.1.3902.4101.1.3.1.5.3230360 = 313; 1.3.6.1.4.1.3902.4101.1.3.1.6.3230360 = 2; 1.3.6.1.4.1.3902.4101.1.3.1.7.3230360 = 1. The configured site does not exist.
2. In case of an IP site, the IP-related configuration is incorrect.
3. In case of an E1 site, the Abis timeslot configuration is incorrect.
4. The Abis transmission is abnormal.; 1.3.6.1.4.1.3902.4101.1.3.1.8.3230360 = Alarm Object:SITE; 
Site ID:81;
Logic Position:System No.:81,Module No.:10,Index:15;; 1.3.6.1.4.1.3902.4101.1.3.1.12.3230360 = MRNC; 1.3.6.1.4.1.3902.4101.1.3.1.9.3230360 = 3230360; 1.3.6.1.4.1.3902.4101.1.3.1.1.3230360 = 7e3a66cc-1e92-4991-8cc2-184236348611---25006@1702@100001@2@2; 1.3.6.1.4.1.3902.4101.1.3.1.14.3230360 = Site Abis control link broken; 1.3.6.1.4.1.3902.4101.1.3.1.15.3230360 = HRTZ01(2),gv4.bsc(2),HRTC081_Takn_e_Molawi_Saheb_P1_OPEX_ACG(81),GBssFunction=2,GBtsEquipment=81; 1.3.6.1.4.1.3902.4101.1.3.1.16.3230360 = 20425; 1.3.6.1.4.1.3902.4101.1.3.1.17.3230360 = 129.0.1.1; 1.3.6.1.4.1.3902.4101.1.3.1.18.3230360 = 2; 1.3.6.1.4.1.3902.4101.1.3.1.19.3230360 = ; 1.3.6.1.4.1.3902.4101.1.3.1.20.3230360 = GMT+04:30; 1.3.6.1.4.1.3902.4101.1.3.1.21.3230360 = 16200000; 1.3.6.1.4.1.3902.4101.1.3.1.22.3230360 = 0; 1.3.6.1.4.1.3902.4101.1.3.1.23.3230360 = 25006; 1.3.6.1.4.1.3902.4101.1.3.1.24.3230360 = 1718089543902; 1.3.6.1.4.1.3902.4101.1.3.1.26.3230360 = HRTZ01(2); 1.3.6.1.4.1.3902.4101.1.3.1.10.3230360 = ; 1.3.6.1.4.1.3902.4101.1.3.1.25.3230360 = ]]
BODY CREATED | 2026-09-28T13:17:27.925898100 | Trap ID: 1718089543902 | Alarm Code: 199087337
KAFKA SEND INITIATED | 2026-09-28T13:17:27.926896700 | Trap ID: 1718089543902 | Alarm Code: 199087337
KAFKA SEND CALL COMPLETED | 2026-09-28T13:17:27.928117700 | Trap ID: 1718089543902
TRAP RECEIVED | 2026-09-28T13:17:32.528350700 | PDU: TRAP[requestID=342644884, errorStatus=Success(0), errorIndex=0, VBS[1.3.6.1.2.1.1.3.0 = 257 days, 12:01:58.29; 1.3.6.1.6.3.1.1.4.1.0 = 1.3.6.1.4.1.3902.4101.1.4.1.1; 1.3.6.1.4.1.3902.4101.1.3.1.3.3230375 = 2026-9-28,13:17:31.0,+4:30; 1.3.6.1.4.1.3902.4101.1.1.2 = 5460641; 1.3.6.1.4.1.3902.4101.1.1.4 = 5460640; 1.3.6.1.4.1.3902.4101.1.1.3 = DC=www.zte.com.cn,Network=ZTE_SYSTEM,ManagementNode=EMS,IRPAgent=1; 1.3.6.1.4.1.3902.4101.1.3.1.11.3230375 = 199087337; 1.3.6.1.4.1.3902.4101.1.3.1.2.3230375 = 971a09da-4bb9-4c91-859e-ad970ec0757b,0c455a51-2fe4-4967-8860-dc1e2f48ca0a,e3783e51-7d49-470b-aad9-fcb83a4e24a4,GBssFunction=6,GBtsEquipment=5414; 1.3.6.1.4.1.3902.4101.1.3.1.4.3230375 = 1; 1.3.6.1.4.1.3902.4101.1.3.1.5.3230375 = 313; 1.3.6.1.4.1.3902.4101.1.3.1.6.3230375 = 2; 1.3.6.1.4.1.3902.4101.1.3.1.7.3230375 = 1. The configured site does not exist.
2. In case of an IP site, the IP-related configuration is incorrect.
3. In case of an E1 site, the Abis timeslot configuration is incorrect.
4. The Abis transmission is abnormal.; 1.3.6.1.4.1.3902.4101.1.3.1.8.3230375 = Alarm Object:SITE; 
Site ID:5414;
Logic Position:System No.:5414,Module No.:4,Index:15;; 1.3.6.1.4.1.3902.4101.1.3.1.12.3230375 = MRNC; 1.3.6.1.4.1.3902.4101.1.3.1.9.3230375 = 3230375; 1.3.6.1.4.1.3902.4101.1.3.1.1.3230375 = 971a09da-4bb9-4c91-859e-ad970ec0757b---141167@1702@100001@6@6; 1.3.6.1.4.1.3902.4101.1.3.1.14.3230375 = Site Abis control link broken; 1.3.6.1.4.1.3902.4101.1.3.1.15.3230375 = KDRZ02(6),gv4.bsc(6),KDRC014_Aga_Sahib(5414),GBssFunction=6,GBtsEquipment=5414; 1.3.6.1.4.1.3902.4101.1.3.1.16.3230375 = 20425; 1.3.6.1.4.1.3902.4101.1.3.1.17.3230375 = 129.0.1.1; 1.3.6.1.4.1.3902.4101.1.3.1.18.3230375 = 2; 1.3.6.1.4.1.3902.4101.1.3.1.19.3230375 = ; 1.3.6.1.4.1.3902.4101.1.3.1.20.3230375 = GMT+04:30; 1.3.6.1.4.1.3902.4101.1.3.1.21.3230375 = 16200000; 1.3.6.1.4.1.3902.4101.1.3.1.22.3230375 = 0; 1.3.6.1.4.1.3902.4101.1.3.1.23.3230375 = 141167; 1.3.6.1.4.1.3902.4101.1.3.1.24.3230375 = 1718089543917; 1.3.6.1.4.1.3902.4101.1.3.1.26.3230375 = KDRZ02(6); 1.3.6.1.4.1.3902.4101.1.3.1.10.3230375 = ; 1.3.6.1.4.1.3902.4101.1.3.1.25.3230375 = ]]
BODY CREATED | 2026-09-28T13:17:32.530392200 | Trap ID: 1718089543917 | Alarm Code: 199087337
KAFKA SEND INITIATED | 2026-09-28T13:17:32.531405200 | Trap ID: 1718089543917 | Alarm Code: 199087337
KAFKA SEND CALL COMPLETED | 2026-09-28T13:17:32.532540400 | Trap ID: 1718089543917
TRAP RECEIVED | 2026-09-28T13:20:34.855925800 | PDU: TRAP[requestID=342645118, errorStatus=Success(0), errorIndex=0, VBS[1.3.6.1.2.1.1.3.0 = 257 days, 12:05:00.62; 1.3.6.1.6.3.1.1.4.1.0 = 1.3.6.1.4.1.3902.4101.1.4.1.2; 1.3.6.1.4.1.3902.4101.1.3.1.3.3230375 = 2026-9-28,13:20:32.0,+4:30; 1.3.6.1.4.1.3902.4101.1.1.2 = 5460752; 1.3.6.1.4.1.3902.4101.1.1.4 = 5460751; 1.3.6.1.4.1.3902.4101.1.1.3 = DC=www.zte.com.cn,Network=ZTE_SYSTEM,ManagementNode=EMS,IRPAgent=1; 1.3.6.1.4.1.3902.4101.1.3.1.11.3230375 = 199087337; 1.3.6.1.4.1.3902.4101.1.3.1.2.3230375 = 971a09da-4bb9-4c91-859e-ad970ec0757b,0c455a51-2fe4-4967-8860-dc1e2f48ca0a,e3783e51-7d49-470b-aad9-fcb83a4e24a4,GBssFunction=6,GBtsEquipment=5414; 1.3.6.1.4.1.3902.4101.1.3.1.4.3230375 = 1; 1.3.6.1.4.1.3902.4101.1.3.1.5.3230375 = 313; 1.3.6.1.4.1.3902.4101.1.3.1.6.3230375 = 2; 1.3.6.1.4.1.3902.4101.1.3.1.7.3230375 = 1. The configured site does not exist.
2. In case of an IP site, the IP-related configuration is incorrect.
3. In case of an E1 site, the Abis timeslot configuration is incorrect.
4. The Abis transmission is abnormal.; 1.3.6.1.4.1.3902.4101.1.3.1.8.3230375 = Alarm Object:SITE; 
Site ID:5414;
Logic Position:System No.:5414,Module No.:4,Index:15;; 1.3.6.1.4.1.3902.4101.1.3.1.12.3230375 = MRNC; 1.3.6.1.4.1.3902.4101.1.3.1.9.3230375 = 3230375; 1.3.6.1.4.1.3902.4101.1.3.1.1.3230375 = 971a09da-4bb9-4c91-859e-ad970ec0757b---141167@1702@100001@6@6; 1.3.6.1.4.1.3902.4101.1.3.1.14.3230375 = Site Abis control link broken; 1.3.6.1.4.1.3902.4101.1.3.1.15.3230375 = KDRZ02(6),gv4.bsc(6),KDRC014_Aga_Sahib(5414),GBssFunction=6,GBtsEquipment=5414; 1.3.6.1.4.1.3902.4101.1.3.1.16.3230375 = 20425; 1.3.6.1.4.1.3902.4101.1.3.1.17.3230375 = 129.0.1.1; 1.3.6.1.4.1.3902.4101.1.3.1.18.3230375 = 2; 1.3.6.1.4.1.3902.4101.1.3.1.19.3230375 = ; 1.3.6.1.4.1.3902.4101.1.3.1.20.3230375 = GMT+04:30; 1.3.6.1.4.1.3902.4101.1.3.1.21.3230375 = 16200000; 1.3.6.1.4.1.3902.4101.1.3.1.22.3230375 = 0; 1.3.6.1.4.1.3902.4101.1.3.1.23.3230375 = 141167; 1.3.6.1.4.1.3902.4101.1.3.1.24.3230375 = 1718089543917; 1.3.6.1.4.1.3902.4101.1.3.1.26.3230375 = KDRZ02(6); 1.3.6.1.4.1.3902.4101.1.3.1.10.3230375 = ; 1.3.6.1.4.1.3902.4101.1.3.1.25.3230375 = ]]
BODY CREATED | 2026-09-28T13:20:34.857011600 | Trap ID: 1718089543917 | Alarm Code: 199087337
KAFKA SEND INITIATED | 2026-09-28T13:20:34.858128900 | Trap ID: 1718089543917 | Alarm Code: 199087337
KAFKA SEND CALL COMPLETED | 2026-09-28T13:20:34.859229500 | Trap ID: 1718089543917
TRAP RECEIVED | 2026-09-28T13:21:42.002645400 | PDU: TRAP[requestID=342645176, errorStatus=Success(0), errorIndex=0, VBS[1.3.6.1.2.1.1.3.0 = 257 days, 12:06:07.77; 1.3.6.1.6.3.1.1.4.1.0 = 1.3.6.1.4.1.3902.4101.1.4.1.2; 1.3.6.1.4.1.3902.4101.1.3.1.3.3230272 = 2026-9-28,13:21:40.0,+4:30; 1.3.6.1.4.1.3902.4101.1.1.2 = 5460779; 1.3.6.1.4.1.3902.4101.1.1.4 = 5460778; 1.3.6.1.4.1.3902.4101.1.1.3 = DC=www.zte.com.cn,Network=ZTE_SYSTEM,ManagementNode=EMS,IRPAgent=1; 1.3.6.1.4.1.3902.4101.1.3.1.11.3230272 = 199087337; 1.3.6.1.4.1.3902.4101.1.3.1.2.3230272 = 7e3a66cc-1e92-4991-8cc2-184236348611,05b375e9-5558-4915-9fc0-abb7f7c2c145,6bd0cbcc-fdb8-4e20-ba6b-2114fa5bb7bc,GBssFunction=2,GBtsEquipment=2300; 1.3.6.1.4.1.3902.4101.1.3.1.4.3230272 = 1; 1.3.6.1.4.1.3902.4101.1.3.1.5.3230272 = 313; 1.3.6.1.4.1.3902.4101.1.3.1.6.3230272 = 2; 1.3.6.1.4.1.3902.4101.1.3.1.7.3230272 = 1. The configured site does not exist.
2. In case of an IP site, the IP-related configuration is incorrect.
3. In case of an E1 site, the Abis timeslot configuration is incorrect.
4. The Abis transmission is abnormal.; 1.3.6.1.4.1.3902.4101.1.3.1.8.3230272 = Alarm Object:SITE; 
Site ID:2300;
Logic Position:System No.:2300,Module No.:9,Index:15;; 1.3.6.1.4.1.3902.4101.1.3.1.12.3230272 = MRNC; 1.3.6.1.4.1.3902.4101.1.3.1.9.3230272 = 3230272; 1.3.6.1.4.1.3902.4101.1.3.1.1.3230272 = 7e3a66cc-1e92-4991-8cc2-184236348611---24987@1702@100001@2@2; 1.3.6.1.4.1.3902.4101.1.3.1.14.3230272 = Site Abis control link broken; 1.3.6.1.4.1.3902.4101.1.3.1.15.3230272 = HRTZ01(2),gv4.bsc(2),HRTC200_JEBRAIL_KORAMILLI_OPX_(PT)(2300),GBssFunction=2,GBtsEquipment=2300; 1.3.6.1.4.1.3902.4101.1.3.1.16.3230272 = 20425; 1.3.6.1.4.1.3902.4101.1.3.1.17.3230272 = 129.0.1.1; 1.3.6.1.4.1.3902.4101.1.3.1.18.3230272 = 2; 1.3.6.1.4.1.3902.4101.1.3.1.19.3230272 = ; 1.3.6.1.4.1.3902.4101.1.3.1.20.3230272 = GMT+04:30; 1.3.6.1.4.1.3902.4101.1.3.1.21.3230272 = 16200000; 1.3.6.1.4.1.3902.4101.1.3.1.22.3230272 = 0; 1.3.6.1.4.1.3902.4101.1.3.1.23.3230272 = 24987; 1.3.6.1.4.1.3902.4101.1.3.1.24.3230272 = 1718089543814; 1.3.6.1.4.1.3902.4101.1.3.1.26.3230272 = HRTZ01(2); 1.3.6.1.4.1.3902.4101.1.3.1.10.3230272 = ; 1.3.6.1.4.1.3902.4101.1.3.1.25.3230272 = ]]
BODY CREATED | 2026-09-28T13:21:42.003736800 | Trap ID: 1718089543814 | Alarm Code: 199087337
KAFKA SEND INITIATED | 2026-09-28T13:21:42.003736800 | Trap ID: 1718089543814 | Alarm Code: 199087337
KAFKA SEND CALL COMPLETED | 2026-09-28T13:21:42.004760 | Trap ID: 1718089543814
TRAP RECEIVED | 2026-09-28T13:30:02.046404100 | PDU: TRAP[requestID=342645582, errorStatus=Success(0), errorIndex=0, VBS[1.3.6.1.2.1.1.3.0 = 257 days, 12:14:27.82; 1.3.6.1.6.3.1.1.4.1.0 = 1.3.6.1.4.1.3902.4101.1.4.1.1; 1.3.6.1.4.1.3902.4101.1.3.1.3.3230442 = 2026-9-28,13:30:1.0,+4:30; 1.3.6.1.4.1.3902.4101.1.1.2 = 5460965; 1.3.6.1.4.1.3902.4101.1.1.4 = 5460964; 1.3.6.1.4.1.3902.4101.1.1.3 = DC=www.zte.com.cn,Network=ZTE_SYSTEM,ManagementNode=EMS,IRPAgent=1; 1.3.6.1.4.1.3902.4101.1.3.1.11.3230442 = 199087337; 1.3.6.1.4.1.3902.4101.1.3.1.2.3230442 = 7e3a66cc-1e92-4991-8cc2-184236348611,05b375e9-5558-4915-9fc0-abb7f7c2c145,e92826df-8184-463a-accb-9b795a6a3400,GBssFunction=2,GBtsEquipment=84; 1.3.6.1.4.1.3902.4101.1.3.1.4.3230442 = 1; 1.3.6.1.4.1.3902.4101.1.3.1.5.3230442 = 313; 1.3.6.1.4.1.3902.4101.1.3.1.6.3230442 = 2; 1.3.6.1.4.1.3902.4101.1.3.1.7.3230442 = 1. The configured site does not exist.
2. In case of an IP site, the IP-related configuration is incorrect.
3. In case of an E1 site, the Abis timeslot configuration is incorrect.
4. The Abis transmission is abnormal.; 1.3.6.1.4.1.3902.4101.1.3.1.8.3230442 = Alarm Object:SITE; 
Site ID:84;
Logic Position:System No.:84,Module No.:4,Index:15;; 1.3.6.1.4.1.3902.4101.1.3.1.12.3230442 = MRNC; 1.3.6.1.4.1.3902.4101.1.3.1.9.3230442 = 3230442; 1.3.6.1.4.1.3902.4101.1.3.1.1.3230442 = 7e3a66cc-1e92-4991-8cc2-184236348611---25019@1702@100001@2@2; 1.3.6.1.4.1.3902.4101.1.3.1.14.3230442 = Site Abis control link broken; 1.3.6.1.4.1.3902.4101.1.3.1.15.3230442 = HRTZ01(2),gv4.bsc(2),HRTC084_Torkan_E_Sofla_Enjeel(84),GBssFunction=2,GBtsEquipment=84; 1.3.6.1.4.1.3902.4101.1.3.1.16.3230442 = 20425; 1.3.6.1.4.1.3902.4101.1.3.1.17.3230442 = 129.0.1.1; 1.3.6.1.4.1.3902.4101.1.3.1.18.3230442 = 2; 1.3.6.1.4.1.3902.4101.1.3.1.19.3230442 = ; 1.3.6.1.4.1.3902.4101.1.3.1.20.3230442 = GMT+04:30; 1.3.6.1.4.1.3902.4101.1.3.1.21.3230442 = 16200000; 1.3.6.1.4.1.3902.4101.1.3.1.22.3230442 = 0; 1.3.6.1.4.1.3902.4101.1.3.1.23.3230442 = 25019; 1.3.6.1.4.1.3902.4101.1.3.1.24.3230442 = 1718089543984; 1.3.6.1.4.1.3902.4101.1.3.1.26.3230442 = HRTZ01(2); 1.3.6.1.4.1.3902.4101.1.3.1.10.3230442 = ; 1.3.6.1.4.1.3902.4101.1.3.1.25.3230442 = ]]
BODY CREATED | 2026-09-28T13:30:02.048438100 | Trap ID: 1718089543984 | Alarm Code: 199087337
KAFKA SEND INITIATED | 2026-09-28T13:30:02.049527200 | Trap ID: 1718089543984 | Alarm Code: 199087337
KAFKA SEND CALL COMPLETED | 2026-09-28T13:30:02.050543200 | Trap ID: 1718089543984
TRAP RECEIVED | 2026-09-28T13:32:36.059663700 | PDU: TRAP[requestID=342645664, errorStatus=Success(0), errorIndex=0, VBS[1.3.6.1.2.1.1.3.0 = 257 days, 12:17:01.84; 1.3.6.1.6.3.1.1.4.1.0 = 1.3.6.1.4.1.3902.4101.1.4.1.2; 1.3.6.1.4.1.3902.4101.1.3.1.3.3230442 = 2026-9-28,13:32:35.0,+4:30; 1.3.6.1.4.1.3902.4101.1.1.2 = 5461001; 1.3.6.1.4.1.3902.4101.1.1.4 = 5461000; 1.3.6.1.4.1.3902.4101.1.1.3 = DC=www.zte.com.cn,Network=ZTE_SYSTEM,ManagementNode=EMS,IRPAgent=1; 1.3.6.1.4.1.3902.4101.1.3.1.11.3230442 = 199087337; 1.3.6.1.4.1.3902.4101.1.3.1.2.3230442 = 7e3a66cc-1e92-4991-8cc2-184236348611,05b375e9-5558-4915-9fc0-abb7f7c2c145,e92826df-8184-463a-accb-9b795a6a3400,GBssFunction=2,GBtsEquipment=84; 1.3.6.1.4.1.3902.4101.1.3.1.4.3230442 = 1; 1.3.6.1.4.1.3902.4101.1.3.1.5.3230442 = 313; 1.3.6.1.4.1.3902.4101.1.3.1.6.3230442 = 2; 1.3.6.1.4.1.3902.4101.1.3.1.7.3230442 = 1. The configured site does not exist.
2. In case of an IP site, the IP-related configuration is incorrect.
3. In case of an E1 site, the Abis timeslot configuration is incorrect.
4. The Abis transmission is abnormal.; 1.3.6.1.4.1.3902.4101.1.3.1.8.3230442 = Alarm Object:SITE; 
Site ID:84;
Logic Position:System No.:84,Module No.:4,Index:15;; 1.3.6.1.4.1.3902.4101.1.3.1.12.3230442 = MRNC; 1.3.6.1.4.1.3902.4101.1.3.1.9.3230442 = 3230442; 1.3.6.1.4.1.3902.4101.1.3.1.1.3230442 = 7e3a66cc-1e92-4991-8cc2-184236348611---25019@1702@100001@2@2; 1.3.6.1.4.1.3902.4101.1.3.1.14.3230442 = Site Abis control link broken; 1.3.6.1.4.1.3902.4101.1.3.1.15.3230442 = HRTZ01(2),gv4.bsc(2),HRTC084_Torkan_E_Sofla_Enjeel(84),GBssFunction=2,GBtsEquipment=84; 1.3.6.1.4.1.3902.4101.1.3.1.16.3230442 = 20425; 1.3.6.1.4.1.3902.4101.1.3.1.17.3230442 = 129.0.1.1; 1.3.6.1.4.1.3902.4101.1.3.1.18.3230442 = 2; 1.3.6.1.4.1.3902.4101.1.3.1.19.3230442 = ; 1.3.6.1.4.1.3902.4101.1.3.1.20.3230442 = GMT+04:30; 1.3.6.1.4.1.3902.4101.1.3.1.21.3230442 = 16200000; 1.3.6.1.4.1.3902.4101.1.3.1.22.3230442 = 0; 1.3.6.1.4.1.3902.4101.1.3.1.23.3230442 = 25019; 1.3.6.1.4.1.3902.4101.1.3.1.24.3230442 = 1718089543984; 1.3.6.1.4.1.3902.4101.1.3.1.26.3230442 = HRTZ01(2); 1.3.6.1.4.1.3902.4101.1.3.1.10.3230442 = ; 1.3.6.1.4.1.3902.4101.1.3.1.25.3230442 = ]]
BODY CREATED | 2026-09-28T13:32:36.061734400 | Trap ID: 1718089543984 | Alarm Code: 199087337
KAFKA SEND INITIATED | 2026-09-28T13:32:36.062754 | Trap ID: 1718089543984 | Alarm Code: 199087337
KAFKA SEND CALL COMPLETED | 2026-09-28T13:32:36.063779300 | Trap ID: 1718089543984
TRAP RECEIVED | 2026-09-28T15:31:20.514693300 | PDU: TRAP[requestID=342648370, errorStatus=Success(0), errorIndex=0, VBS[1.3.6.1.2.1.1.3.0 = 257 days, 14:15:46.39; 1.3.6.1.6.3.1.1.4.1.0 = 1.3.6.1.4.1.3902.4101.1.4.1.1; 1.3.6.1.4.1.3902.4101.1.3.1.3.3230724 = 2026-9-28,15:31:19.0,+4:30; 1.3.6.1.4.1.3902.4101.1.1.2 = 5462117; 1.3.6.1.4.1.3902.4101.1.1.4 = 5462116; 1.3.6.1.4.1.3902.4101.1.1.3 = DC=www.zte.com.cn,Network=ZTE_SYSTEM,ManagementNode=EMS,IRPAgent=1; 1.3.6.1.4.1.3902.4101.1.3.1.11.3230724 = 199087337; 1.3.6.1.4.1.3902.4101.1.3.1.2.3230724 = 7e3a66cc-1e92-4991-8cc2-184236348611,05b375e9-5558-4915-9fc0-abb7f7c2c145,67b20cb0-d1f5-4edb-a4be-e47dbfda8d7c,GBssFunction=2,GBtsEquipment=180; 1.3.6.1.4.1.3902.4101.1.3.1.4.3230724 = 1; 1.3.6.1.4.1.3902.4101.1.3.1.5.3230724 = 313; 1.3.6.1.4.1.3902.4101.1.3.1.6.3230724 = 2; 1.3.6.1.4.1.3902.4101.1.3.1.7.3230724 = 1. The configured site does not exist.
2. In case of an IP site, the IP-related configuration is incorrect.
3. In case of an E1 site, the Abis timeslot configuration is incorrect.
4. The Abis transmission is abnormal.; 1.3.6.1.4.1.3902.4101.1.3.1.8.3230724 = Alarm Object:SITE; 
Site ID:180;
Logic Position:System No.:180,Module No.:5,Index:15;; 1.3.6.1.4.1.3902.4101.1.3.1.12.3230724 = MRNC; 1.3.6.1.4.1.3902.4101.1.3.1.9.3230724 = 3230724; 1.3.6.1.4.1.3902.4101.1.3.1.1.3230724 = 7e3a66cc-1e92-4991-8cc2-184236348611---25049@1702@100001@2@2; 1.3.6.1.4.1.3902.4101.1.3.1.14.3230724 = Site Abis control link broken; 1.3.6.1.4.1.3902.4101.1.3.1.15.3230724 = HRTZ01(2),gv4.bsc(2),HRTC180_Jad_e_Ansari_Etisalat(180),GBssFunction=2,GBtsEquipment=180; 1.3.6.1.4.1.3902.4101.1.3.1.16.3230724 = 20425; 1.3.6.1.4.1.3902.4101.1.3.1.17.3230724 = 129.0.1.1; 1.3.6.1.4.1.3902.4101.1.3.1.18.3230724 = 2; 1.3.6.1.4.1.3902.4101.1.3.1.19.3230724 = ; 1.3.6.1.4.1.3902.4101.1.3.1.20.3230724 = GMT+04:30; 1.3.6.1.4.1.3902.4101.1.3.1.21.3230724 = 16200000; 1.3.6.1.4.1.3902.4101.1.3.1.22.3230724 = 0; 1.3.6.1.4.1.3902.4101.1.3.1.23.3230724 = 25049; 1.3.6.1.4.1.3902.4101.1.3.1.24.3230724 = 1718089544266; 1.3.6.1.4.1.3902.4101.1.3.1.26.3230724 = HRTZ01(2); 1.3.6.1.4.1.3902.4101.1.3.1.10.3230724 = ; 1.3.6.1.4.1.3902.4101.1.3.1.25.3230724 = ]]
BODY CREATED | 2026-09-28T15:31:20.522266100 | Trap ID: 1718089544266 | Alarm Code: 199087337
KAFKA SEND INITIATED | 2026-09-28T15:31:20.525202900 | Trap ID: 1718089544266 | Alarm Code: 199087337
KAFKA SEND CALL COMPLETED | 2026-09-28T15:31:20.526209600 | Trap ID: 1718089544266
TRAP RECEIVED | 2026-09-28T15:34:38.757979300 | PDU: TRAP[requestID=342648610, errorStatus=Success(0), errorIndex=0, VBS[1.3.6.1.2.1.1.3.0 = 257 days, 14:19:04.64; 1.3.6.1.6.3.1.1.4.1.0 = 1.3.6.1.4.1.3902.4101.1.4.1.1; 1.3.6.1.4.1.3902.4101.1.3.1.3.3230756 = 2026-9-28,15:34:37.0,+4:30; 1.3.6.1.4.1.3902.4101.1.1.2 = 5462230; 1.3.6.1.4.1.3902.4101.1.1.4 = 5462229; 1.3.6.1.4.1.3902.4101.1.1.3 = DC=www.zte.com.cn,Network=ZTE_SYSTEM,ManagementNode=EMS,IRPAgent=1; 1.3.6.1.4.1.3902.4101.1.3.1.11.3230756 = 199087337; 1.3.6.1.4.1.3902.4101.1.3.1.2.3230756 = e3642ba2-fb53-4985-8171-31406918227d,f91f6a3c-3266-4305-ae99-b83caf7020c7,7f2a5078-399f-42eb-9588-ada28fc1b5d2,GBssFunction=1,GBtsEquipment=1845; 1.3.6.1.4.1.3902.4101.1.3.1.4.3230756 = 1; 1.3.6.1.4.1.3902.4101.1.3.1.5.3230756 = 313; 1.3.6.1.4.1.3902.4101.1.3.1.6.3230756 = 2; 1.3.6.1.4.1.3902.4101.1.3.1.7.3230756 = 1. The configured site does not exist.
2. In case of an IP site, the IP-related configuration is incorrect.
3. In case of an E1 site, the Abis timeslot configuration is incorrect.
4. The Abis transmission is abnormal.; 1.3.6.1.4.1.3902.4101.1.3.1.8.3230756 = Alarm Object:SITE; 
Site ID:1845;
Logic Position:System No.:1845,Module No.:6,Index:15;; 1.3.6.1.4.1.3902.4101.1.3.1.12.3230756 = MRNC; 1.3.6.1.4.1.3902.4101.1.3.1.9.3230756 = 3230756; 1.3.6.1.4.1.3902.4101.1.3.1.1.3230756 = e3642ba2-fb53-4985-8171-31406918227d---143774@1702@100001@1@1; 1.3.6.1.4.1.3902.4101.1.3.1.14.3230756 = Site Abis control link broken; 1.3.6.1.4.1.3902.4101.1.3.1.15.3230756 = HRTZ03(1),gv4.bsc(1),BMNP045_OPEX_QZ(1845),GBssFunction=1,GBtsEquipment=1845; 1.3.6.1.4.1.3902.4101.1.3.1.16.3230756 = 20425; 1.3.6.1.4.1.3902.4101.1.3.1.17.3230756 = 129.0.1.1; 1.3.6.1.4.1.3902.4101.1.3.1.18.3230756 = 2; 1.3.6.1.4.1.3902.4101.1.3.1.19.3230756 = ; 1.3.6.1.4.1.3902.4101.1.3.1.20.3230756 = GMT+04:30; 1.3.6.1.4.1.3902.4101.1.3.1.21.3230756 = 16200000; 1.3.6.1.4.1.3902.4101.1.3.1.22.3230756 = 0; 1.3.6.1.4.1.3902.4101.1.3.1.23.3230756 = 143774; 1.3.6.1.4.1.3902.4101.1.3.1.24.3230756 = 1718089544298; 1.3.6.1.4.1.3902.4101.1.3.1.26.3230756 = HRTZ03(1); 1.3.6.1.4.1.3902.4101.1.3.1.10.3230756 = ; 1.3.6.1.4.1.3902.4101.1.3.1.25.3230756 = ]]
BODY CREATED | 2026-09-28T15:34:38.760361400 | Trap ID: 1718089544298 | Alarm Code: 199087337
KAFKA SEND INITIATED | 2026-09-28T15:34:38.761527800 | Trap ID: 1718089544298 | Alarm Code: 199087337
KAFKA SEND CALL COMPLETED | 2026-09-28T15:34:38.762618900 | Trap ID: 1718089544298
